This is pdfTeX, Version 3.141592653-2.6-1.40.27 (TeX Live 2025) (preloaded format=pdflatex 2026.2.7)  25 AUG 2026 15:43
entering extended mode
 restricted \write18 enabled.
 %&-line parsing enabled.
**main.tex
(./main.tex
LaTeX2e <2024-11-01> patch level 2
L3 programming layer <2025-01-18>
(d:/texlive/2025/texmf-dist/tex/latex/base/article.cls
Document Class: article 2024/06/29 v1.4n Standard LaTeX document class
(d:/texlive/2025/texmf-dist/tex/latex/base/size10.clo
File: size10.clo 2024/06/29 v1.4n Standard LaTeX file (size option)
)
\c@part=\count196
\c@section=\count197
\c@subsection=\count198
\c@subsubsection=\count199
\c@paragraph=\count266
\c@subparagraph=\count267
\c@figure=\count268
\c@table=\count269
\abovecaptionskip=\skip49
\belowcaptionskip=\skip50
\bibindent=\dimen141
) (./cvpr.sty
Package: cvpr 2026 LaTeX class for IEEE CVPR

(d:/texlive/2025/texmf-dist/tex/latex/psnfss/times.sty
Package: times 2020/03/25 PSNFSS-v9.3 (SPQR) 
)
(d:/texlive/2025/texmf-dist/tex/latex/tools/xspace.sty
Package: xspace 2014/10/28 v1.13 Space after command names (DPC,MH)
)
(d:/texlive/2025/texmf-dist/tex/latex/xcolor/xcolor.sty
Package: xcolor 2024/09/29 v3.02 LaTeX color extensions (UK)

(d:/texlive/2025/texmf-dist/tex/latex/graphics-cfg/color.cfg
File: color.cfg 2016/01/02 v1.6 sample color configuration
)
Package xcolor Info: Driver file: pdftex.def on input line 274.

(d:/texlive/2025/texmf-dist/tex/latex/graphics-def/pdftex.def
File: pdftex.def 2024/04/13 v1.2c Graphics/color driver for pdftex
)
(d:/texlive/2025/texmf-dist/tex/latex/graphics/mathcolor.ltx)
Package xcolor Info: Model `cmy' substituted by `cmy0' on input line 1349.
Package xcolor Info: Model `hsb' substituted by `rgb' on input line 1353.
Package xcolor Info: Model `RGB' extended on input line 1365.
Package xcolor Info: Model `HTML' substituted by `rgb' on input line 1367.
Package xcolor Info: Model `Hsb' substituted by `hsb' on input line 1368.
Package xcolor Info: Model `tHsb' substituted by `hsb' on input line 1369.
Package xcolor Info: Model `HSB' substituted by `hsb' on input line 1370.
Package xcolor Info: Model `Gray' substituted by `gray' on input line 1371.
Package xcolor Info: Model `wave' substituted by `hsb' on input line 1372.
)
(d:/texlive/2025/texmf-dist/tex/latex/graphics/dvipsnam.def
File: dvipsnam.def 2016/06/17 v3.0m Driver-dependent file (DPC,SPQR)
)
(d:/texlive/2025/texmf-dist/tex/latex/graphics/graphicx.sty
Package: graphicx 2021/09/16 v1.2d Enhanced LaTeX Graphics (DPC,SPQR)

(d:/texlive/2025/texmf-dist/tex/latex/graphics/keyval.sty
Package: keyval 2022/05/29 v1.15 key=value parser (DPC)
\KV@toks@=\toks17
)
(d:/texlive/2025/texmf-dist/tex/latex/graphics/graphics.sty
Package: graphics 2024/08/06 v1.4g Standard LaTeX Graphics (DPC,SPQR)

(d:/texlive/2025/texmf-dist/tex/latex/graphics/trig.sty
Package: trig 2023/12/02 v1.11 sin cos tan (DPC)
)
(d:/texlive/2025/texmf-dist/tex/latex/graphics-cfg/graphics.cfg
File: graphics.cfg 2016/06/04 v1.11 sample graphics configuration
)
Package graphics Info: Driver file: pdftex.def on input line 106.
)
\Gin@req@height=\dimen142
\Gin@req@width=\dimen143
)
(d:/texlive/2025/texmf-dist/tex/latex/amsmath/amsmath.sty
Package: amsmath 2024/11/05 v2.17t AMS math features
\@mathmargin=\skip51

For additional information on amsmath, use the `?' option.
(d:/texlive/2025/texmf-dist/tex/latex/amsmath/amstext.sty
Package: amstext 2021/08/26 v2.01 AMS text

(d:/texlive/2025/texmf-dist/tex/latex/amsmath/amsgen.sty
File: amsgen.sty 1999/11/30 v2.0 generic functions
\@emptytoks=\toks18
\ex@=\dimen144
))
(d:/texlive/2025/texmf-dist/tex/latex/amsmath/amsbsy.sty
Package: amsbsy 1999/11/29 v1.2d Bold Symbols
\pmbraise@=\dimen145
)
(d:/texlive/2025/texmf-dist/tex/latex/amsmath/amsopn.sty
Package: amsopn 2022/04/08 v2.04 operator names
)
\inf@bad=\count270
LaTeX Info: Redefining \frac on input line 233.
\uproot@=\count271
\leftroot@=\count272
LaTeX Info: Redefining \overline on input line 398.
LaTeX Info: Redefining \colon on input line 409.
\classnum@=\count273
\DOTSCASE@=\count274
LaTeX Info: Redefining \ldots on input line 495.
LaTeX Info: Redefining \dots on input line 498.
LaTeX Info: Redefining \cdots on input line 619.
\Mathstrutbox@=\box52
\strutbox@=\box53
LaTeX Info: Redefining \big on input line 721.
LaTeX Info: Redefining \Big on input line 722.
LaTeX Info: Redefining \bigg on input line 723.
LaTeX Info: Redefining \Bigg on input line 724.
\big@size=\dimen146
LaTeX Font Info:    Redeclaring font encoding OML on input line 742.
LaTeX Font Info:    Redeclaring font encoding OMS on input line 743.
\macc@depth=\count275
LaTeX Info: Redefining \bmod on input line 904.
LaTeX Info: Redefining \pmod on input line 909.
LaTeX Info: Redefining \smash on input line 939.
LaTeX Info: Redefining \relbar on input line 969.
LaTeX Info: Redefining \Relbar on input line 970.
\c@MaxMatrixCols=\count276
\dotsspace@=\muskip17
\c@parentequation=\count277
\dspbrk@lvl=\count278
\tag@help=\toks19
\row@=\count279
\column@=\count280
\maxfields@=\count281
\andhelp@=\toks20
\eqnshift@=\dimen147
\alignsep@=\dimen148
\tagshift@=\dimen149
\tagwidth@=\dimen150
\totwidth@=\dimen151
\lineht@=\dimen152
\@envbody=\toks21
\multlinegap=\skip52
\multlinetaggap=\skip53
\mathdisplay@stack=\toks22
LaTeX Info: Redefining \[ on input line 2953.
LaTeX Info: Redefining \] on input line 2954.
)
(d:/texlive/2025/texmf-dist/tex/latex/amsfonts/amssymb.sty
Package: amssymb 2013/01/14 v3.01 AMS font symbols

(d:/texlive/2025/texmf-dist/tex/latex/amsfonts/amsfonts.sty
Package: amsfonts 2013/01/14 v3.01 Basic AMSFonts support
\symAMSa=\mathgroup4
\symAMSb=\mathgroup5
LaTeX Font Info:    Redeclaring math symbol \hbar on input line 98.
LaTeX Font Info:    Overwriting math alphabet `\mathfrak' in version `bold'
(Font)                  U/euf/m/n --> U/euf/b/n on input line 106.
))
(d:/texlive/2025/texmf-dist/tex/latex/booktabs/booktabs.sty
Package: booktabs 2020/01/12 v1.61803398 Publication quality tables
\heavyrulewidth=\dimen153
\lightrulewidth=\dimen154
\cmidrulewidth=\dimen155
\belowrulesep=\dimen156
\belowbottomsep=\dimen157
\aboverulesep=\dimen158
\abovetopsep=\dimen159
\cmidrulesep=\dimen160
\cmidrulekern=\dimen161
\defaultaddspace=\dimen162
\@cmidla=\count282
\@cmidlb=\count283
\@aboverulesep=\dimen163
\@belowrulesep=\dimen164
\@thisruleclass=\count284
\@lastruleclass=\count285
\@thisrulewidth=\dimen165
)
(d:/texlive/2025/texmf-dist/tex/latex/natbib/natbib.sty
Package: natbib 2010/09/13 8.31b (PWD, AO)
\bibhang=\skip54
\bibsep=\skip55
LaTeX Info: Redefining \cite on input line 694.
\c@NAT@ctr=\count286
)
(d:/texlive/2025/texmf-dist/tex/latex/silence/silence.sty
Package: silence 2012/07/02 v1.5b Selective filtering of warnings and error mes
sages
\sl@Save=\count287
\sl@StateNumber=\count288
\sl@MessageCount=\count289
\sl@Casualties=\count290
\sl@Filter=\toks23
\sl@Message=\toks24
\sl@UnexpandedMessage=\toks25
\sl@Mess@ge=\toks26
\sl@WarningCount=\count291
\sl@WarningNumber=\count292
\sl@WarningCasualties=\count293
\sl@TempBOW=\toks27
\sl@BankOfWarnings=\toks28
LaTeX Info: Redefining \GenericWarning on input line 433.
\sl@ErrorCount=\count294
\sl@ErrorNumber=\count295
\sl@ErrorCasualties=\count296
\sl@TempBOE=\toks29
\sl@BankOfErrors=\toks30
LaTeX Info: Redefining \GenericError on input line 601.
)
(d:/texlive/2025/texmf-dist/tex/latex/etoolbox/etoolbox.sty
Package: etoolbox 2025/02/11 v2.5l e-TeX tools for LaTeX (JAW)
\etb@tempcnta=\count297
)
(d:/texlive/2025/texmf-dist/tex/latex/caption/caption.sty
Package: caption 2023/08/05 v3.6o Customizing captions (AR)

(d:/texlive/2025/texmf-dist/tex/latex/caption/caption3.sty
Package: caption3 2023/07/31 v2.4d caption3 kernel (AR)
\caption@tempdima=\dimen166
\captionmargin=\dimen167
\caption@leftmargin=\dimen168
\caption@rightmargin=\dimen169
\caption@width=\dimen170
\caption@indent=\dimen171
\caption@parindent=\dimen172
\caption@hangindent=\dimen173
Package caption Info: Standard document class detected.
)
\c@caption@flags=\count298
\c@continuedfloat=\count299
)
(d:/texlive/2025/texmf-dist/tex/latex/caption/subcaption.sty
Package: subcaption 2023/07/28 v1.6b Sub-captions (AR)
Package caption Info: New subtype `subfigure' on input line 238.
\c@subfigure=\count300
Package caption Info: New subtype `subtable' on input line 238.
\c@subtable=\count301
)
(d:/texlive/2025/texmf-dist/tex/latex/url/url.sty
\Urlmuskip=\muskip18
Package: url 2013/09/16  ver 3.4  Verb mode for urls, etc.
)
CVPR 8.5 x 11-Inch Proceedings Style `cvpr.sty'.
(d:/texlive/2025/texmf-dist/tex/latex/enumitem/enumitem.sty
Package: enumitem 2025/02/06 v3.11 Customized lists
\labelindent=\skip56
\enit@outerparindent=\dimen174
\enit@toks=\toks31
\enit@inbox=\box54
\enit@count@id=\count302
\enitdp@description=\count303
))
(d:/texlive/2025/texmf-dist/tex/latex/multirow/multirow.sty
Package: multirow 2024/11/12 v2.9 Span multiple rows of a table
\multirow@colwidth=\skip57
\multirow@cntb=\count304
\multirow@dima=\skip58
\bigstrutjot=\dimen175
)
(d:/texlive/2025/texmf-dist/tex/latex/axessibility/axessibility.sty
Package: axessibility 

(d:/texlive/2025/texmf-dist/tex/generic/xstring/xstring.sty
(d:/texlive/2025/texmf-dist/tex/generic/xstring/xstring.tex
\xs_counta=\count305
\xs_countb=\count306
)
Package: xstring 2023/08/22 v1.86 String manipulations (CT)
)
(d:/texlive/2025/texmf-dist/tex/latex/accsupp/accsupp.sty
Package: accsupp 2019/12/05 v0.6 Accessibility support by marked content (HO)

(d:/texlive/2025/texmf-dist/tex/generic/pdfescape/pdfescape.sty
Package: pdfescape 2019/12/09 v1.15 Implements pdfTeX's escape features (HO)

(d:/texlive/2025/texmf-dist/tex/generic/ltxcmds/ltxcmds.sty
Package: ltxcmds 2023-12-04 v1.26 LaTeX kernel commands for general use (HO)
)
(d:/texlive/2025/texmf-dist/tex/generic/pdftexcmds/pdftexcmds.sty
Package: pdftexcmds 2020-06-27 v0.33 Utility functions of pdfTeX for LuaTeX (HO
)

(d:/texlive/2025/texmf-dist/tex/generic/infwarerr/infwarerr.sty
Package: infwarerr 2019/12/03 v1.5 Providing info/warning/error messages (HO)
)
(d:/texlive/2025/texmf-dist/tex/generic/iftex/iftex.sty
Package: iftex 2024/12/12 v1.0g TeX engine tests
)
Package pdftexcmds Info: \pdf@primitive is available.
Package pdftexcmds Info: \pdf@ifprimitive is available.
Package pdftexcmds Info: \pdfdraftmode found.
))
(d:/texlive/2025/texmf-dist/tex/latex/kvoptions/kvoptions.sty
Package: kvoptions 2022-06-15 v3.15 Key value format for package options (HO)

(d:/texlive/2025/texmf-dist/tex/latex/kvsetkeys/kvsetkeys.sty
Package: kvsetkeys 2022-10-05 v1.19 Key value parser (HO)
))
(d:/texlive/2025/texmf-dist/tex/latex/accsupp/accsupp-pdftex.def
File: accsupp-pdftex.def 2019/12/05 v0.6 accsupp driver for pdfTeX (HO)
))
(d:/texlive/2025/texmf-dist/tex/generic/pdftex/glyphtounicode.tex)
\@mltext=\toks32
\@mltexttmp=\toks33
)
(d:/texlive/2025/texmf-dist/tex/latex/colortbl/colortbl.sty
Package: colortbl 2024/07/06 v1.0i Color table columns (DPC)

(d:/texlive/2025/texmf-dist/tex/latex/tools/array.sty
Package: array 2024/10/17 v2.6g Tabular extension package (FMi)
\col@sep=\dimen176
\ar@mcellbox=\box55
\extrarowheight=\dimen177
\NC@list=\toks34
\extratabsurround=\skip59
\backup@length=\skip60
\ar@cellbox=\box56
)
\everycr=\toks35
\minrowclearance=\skip61
\rownum=\count307
) (./preamble.tex)
(d:/texlive/2025/texmf-dist/tex/latex/hyperref/hyperref.sty
Package: hyperref 2024-11-05 v7.01l Hypertext links for LaTeX

(d:/texlive/2025/texmf-dist/tex/generic/kvdefinekeys/kvdefinekeys.sty
Package: kvdefinekeys 2019-12-19 v1.6 Define keys (HO)
)
(d:/texlive/2025/texmf-dist/tex/latex/hycolor/hycolor.sty
Package: hycolor 2020-01-27 v1.10 Color options for hyperref/bookmark (HO)
)
(d:/texlive/2025/texmf-dist/tex/latex/hyperref/nameref.sty
Package: nameref 2023-11-26 v2.56 Cross-referencing by name of section

(d:/texlive/2025/texmf-dist/tex/latex/refcount/refcount.sty
Package: refcount 2019/12/15 v3.6 Data extraction from label references (HO)
)
(d:/texlive/2025/texmf-dist/tex/generic/gettitlestring/gettitlestring.sty
Package: gettitlestring 2019/12/15 v1.6 Cleanup title references (HO)
)
\c@section@level=\count308
)
(d:/texlive/2025/texmf-dist/tex/generic/stringenc/stringenc.sty
Package: stringenc 2019/11/29 v1.12 Convert strings between diff. encodings (HO
)
)
\@linkdim=\dimen178
\Hy@linkcounter=\count309
\Hy@pagecounter=\count310

(d:/texlive/2025/texmf-dist/tex/latex/hyperref/pd1enc.def
File: pd1enc.def 2024-11-05 v7.01l Hyperref: PDFDocEncoding definition (HO)
Now handling font encoding PD1 ...
... no UTF-8 mapping file for font encoding PD1
)
(d:/texlive/2025/texmf-dist/tex/generic/intcalc/intcalc.sty
Package: intcalc 2019/12/15 v1.3 Expandable calculations with integers (HO)
)
\Hy@SavedSpaceFactor=\count311

(d:/texlive/2025/texmf-dist/tex/latex/hyperref/puenc.def
File: puenc.def 2024-11-05 v7.01l Hyperref: PDF Unicode definition (HO)
Now handling font encoding PU ...
... no UTF-8 mapping file for font encoding PU
)
Package hyperref Info: Option `breaklinks' set `true' on input line 4040.
Package hyperref Info: Option `colorlinks' set `true' on input line 4040.
Package hyperref Info: Hyper figures OFF on input line 4157.
Package hyperref Info: Link nesting OFF on input line 4162.
Package hyperref Info: Hyper index ON on input line 4165.
Package hyperref Info: Plain pages OFF on input line 4172.
Package hyperref Info: Backreferencing ON on input line 4175.
Package hyperref Info: Implicit mode ON; LaTeX internals redefined.
Package hyperref Info: Bookmarks ON on input line 4424.

(d:/texlive/2025/texmf-dist/tex/latex/hyperref/backref.sty
Package: backref 2023-11-26 v1.44 Bibliographical back referencing

(d:/texlive/2025/texmf-dist/tex/latex/rerunfilecheck/rerunfilecheck.sty
Package: rerunfilecheck 2022-07-10 v1.10 Rerun checks for auxiliary files (HO)

(d:/texlive/2025/texmf-dist/tex/latex/base/atveryend-ltx.sty
Package: atveryend-ltx 2020/08/19 v1.0a Emulation of the original atveryend pac
kage
with kernel methods
)
(d:/texlive/2025/texmf-dist/tex/generic/uniquecounter/uniquecounter.sty
Package: uniquecounter 2019/12/15 v1.4 Provide unlimited unique counter (HO)

(d:/texlive/2025/texmf-dist/tex/generic/bigintcalc/bigintcalc.sty
Package: bigintcalc 2019/12/15 v1.5 Expandable calculations on big integers (HO
)
))
Package uniquecounter Info: New unique counter `rerunfilecheck' on input line 2
85.
))
\c@Hy@tempcnt=\count312
LaTeX Info: Redefining \url on input line 4763.
\XeTeXLinkMargin=\dimen179

(d:/texlive/2025/texmf-dist/tex/generic/bitset/bitset.sty
Package: bitset 2019/12/09 v1.3 Handle bit-vector datatype (HO)
)
\Fld@menulength=\count313
\Field@Width=\dimen180
\Fld@charsize=\dimen181
Package hyperref Info: Hyper figures OFF on input line 6042.
Package hyperref Info: Link nesting OFF on input line 6047.
Package hyperref Info: Hyper index ON on input line 6050.
Package hyperref Info: backreferencing ON on input line 6055.
Package hyperref Info: Link coloring ON on input line 6060.
Package hyperref Info: Link coloring with OCG OFF on input line 6067.
Package hyperref Info: PDF/A mode OFF on input line 6072.

(d:/texlive/2025/texmf-dist/tex/latex/base/atbegshi-ltx.sty
Package: atbegshi-ltx 2021/01/10 v1.0c Emulation of the original atbegshi
package with kernel methods
)
\Hy@abspage=\count314
\c@Item=\count315
\c@Hfootnote=\count316
)
Package hyperref Info: Driver (autodetected): hpdftex.

(d:/texlive/2025/texmf-dist/tex/latex/hyperref/hpdftex.def
File: hpdftex.def 2024-11-05 v7.01l Hyperref driver for pdfTeX
\Fld@listcount=\count317
\c@bookmark@seq@number=\count318
\Hy@SectionHShift=\skip62
)
(d:/texlive/2025/texmf-dist/tex/latex/marvosym/marvosym.sty
Package: marvosym 2011/07/20 v2.2 Martin Vogel's Symbols font definitions
)
(d:/texlive/2025/texmf-dist/tex/latex/cleveref/cleveref.sty
Package: cleveref 2018/03/27 v0.21.4 Intelligent cross-referencing
Package cleveref Info: `hyperref' support loaded on input line 2370.
LaTeX Info: Redefining \cref on input line 2370.
LaTeX Info: Redefining \Cref on input line 2370.
LaTeX Info: Redefining \crefrange on input line 2370.
LaTeX Info: Redefining \Crefrange on input line 2370.
LaTeX Info: Redefining \cpageref on input line 2370.
LaTeX Info: Redefining \Cpageref on input line 2370.
LaTeX Info: Redefining \cpagerefrange on input line 2370.
LaTeX Info: Redefining \Cpagerefrange on input line 2370.
LaTeX Info: Redefining \labelcref on input line 2370.
LaTeX Info: Redefining \labelcpageref on input line 2370.
Package cleveref Info: always capitalise cross-reference names on input line 78
30.
Package cleveref Info: always capitalise cross-reference names on input line 78
52.
)
LaTeX Font Info:    Trying to load font information for OT1+ptm on input line 1
26.

(d:/texlive/2025/texmf-dist/tex/latex/psnfss/ot1ptm.fd
File: ot1ptm.fd 2001/06/04 font definitions for OT1/ptm.
)
(d:/texlive/2025/texmf-dist/tex/latex/l3backend/l3backend-pdftex.def
File: l3backend-pdftex.def 2024-05-08 L3 backend support: PDF output (pdfTeX)
\l__color_backend_stack_int=\count319
\l__pdf_internal_box=\box57
)
(./main.aux)
\openout1 = `main.aux'.

LaTeX Font Info:    Checking defaults for OML/cmm/m/it on input line 126.
LaTeX Font Info:    ... okay on input line 126.
LaTeX Font Info:    Checking defaults for OMS/cmsy/m/n on input line 126.
LaTeX Font Info:    ... okay on input line 126.
LaTeX Font Info:    Checking defaults for OT1/cmr/m/n on input line 126.
LaTeX Font Info:    ... okay on input line 126.
LaTeX Font Info:    Checking defaults for T1/cmr/m/n on input line 126.
LaTeX Font Info:    ... okay on input line 126.
LaTeX Font Info:    Checking defaults for TS1/cmr/m/n on input line 126.
LaTeX Font Info:    ... okay on input line 126.
LaTeX Font Info:    Checking defaults for OMX/cmex/m/n on input line 126.
LaTeX Font Info:    ... okay on input line 126.
LaTeX Font Info:    Checking defaults for U/cmr/m/n on input line 126.
LaTeX Font Info:    ... okay on input line 126.
LaTeX Font Info:    Checking defaults for PD1/pdf/m/n on input line 126.
LaTeX Font Info:    ... okay on input line 126.
LaTeX Font Info:    Checking defaults for PU/pdf/m/n on input line 126.
LaTeX Font Info:    ... okay on input line 126.
 (d:/texlive/2025/texmf-dist/tex/context/base/mkii/supp-pdf.mkii
[Loading MPS to PDF converter (version 2006.09.02).]
\scratchcounter=\count320
\scratchdimen=\dimen182
\scratchbox=\box58
\nofMPsegments=\count321
\nofMParguments=\count322
\everyMPshowfont=\toks36
\MPscratchCnt=\count323
\MPscratchDim=\dimen183
\MPnumerator=\count324
\makeMPintoPDFobject=\count325
\everyMPtoPDFconversion=\toks37
) (d:/texlive/2025/texmf-dist/tex/latex/epstopdf-pkg/epstopdf-base.sty
Package: epstopdf-base 2020-01-24 v2.11 Base part for package epstopdf

(d:/texlive/2025/texmf-dist/tex/latex/grfext/grfext.sty
Package: grfext 2019/12/03 v1.3 Manage graphics extensions (HO)
)
Package epstopdf-base Info: Redefining graphics rule for `.eps' on input line 4
85.
Package grfext Info: Graphics extension search list:
(grfext)             [.pdf,.png,.jpg,.mps,.jpeg,.jbig2,.jb2,.PDF,.PNG,.JPG,.JPE
G,.JBIG2,.JB2,.eps]
(grfext)             \AppendGraphicsExtensions on input line 504.

(d:/texlive/2025/texmf-dist/tex/latex/latexconfig/epstopdf-sys.cfg
File: epstopdf-sys.cfg 2010/07/13 v1.3 Configuration of (r)epstopdf for TeX Liv
e
))
Package caption Info: Begin \AtBeginDocument code.
Package caption Info: hyperref package is loaded.
Package caption Info: End \AtBeginDocument code.

ABD: EveryShipout initializing macros
Package backref Info: ** backref set up for natbib ** on input line 126.
Package hyperref Info: Link coloring ON on input line 126.
 (./main.out) (./main.out)
\@outlinefile=\write3
\openout3 = `main.out'.

LaTeX Font Info:    Trying to load font information for U+msa on input line 128
.

(d:/texlive/2025/texmf-dist/tex/latex/amsfonts/umsa.fd
File: umsa.fd 2013/01/14 v3.01 AMS symbols A
)
LaTeX Font Info:    Trying to load font information for U+msb on input line 128
.

(d:/texlive/2025/texmf-dist/tex/latex/amsfonts/umsb.fd
File: umsb.fd 2013/01/14 v3.01 AMS symbols B
)
LaTeX Font Info:    Trying to load font information for TS1+ptm on input line 1
28.

(d:/texlive/2025/texmf-dist/tex/latex/psnfss/ts1ptm.fd
File: ts1ptm.fd 2001/06/04 font definitions for TS1/ptm.
)
LaTeX Font Info:    Trying to load font information for U+mvs on input line 128
.

(d:/texlive/2025/texmf-dist/tex/latex/marvosym/umvs.fd)
LaTeX Font Info:    Trying to load font information for OT1+pcr on input line 1
28.

(d:/texlive/2025/texmf-dist/tex/latex/psnfss/ot1pcr.fd
File: ot1pcr.fd 2001/06/04 font definitions for OT1/pcr.
) (./0_abstract.tex
LaTeX Font Info:    Font shape `OT1/pcr/m/it' in size <10> not available
(Font)              Font shape `OT1/pcr/m/sl' tried instead on input line 7.
)
(./1_intro.tex

Package natbib Warning: Citation `trellis' on page 1 undefined on input line 4.



Package natbib Warning: Citation `hunyuan3d' on page 1 undefined on input line 
4.


Package natbib Warning: Citation `direct3ds2' on page 1 undefined on input line
 4.


Package natbib Warning: Citation `triposr' on page 1 undefined on input line 4.



Package natbib Warning: Citation `step1x' on page 1 undefined on input line 4.


Package natbib Warning: Citation `clay' on page 1 undefined on input line 4.



<tigon-teaser.png, id=109, 485.6544pt x 337.9827pt>
File: tigon-teaser.png Graphic file (type png)
<use tigon-teaser.png>
Package pdftex.def Info: tigon-teaser.png  used on input line 8.
(pdftex.def)             Requested size: 237.13594pt x 165.0302pt.


[1{d:/texlive/2025/texmf-var/fonts/map/pdftex/updmap/pdftex.map}{d:/texlive/202
5/texmf-dist/fonts/enc/dvips/base/8r.enc}


 <./tigon-teaser.png>])
(./2_related.tex

Package natbib Warning: Citation `nerf' on page 2 undefined on input line 14.


Package natbib Warning: Citation `dreamfusion' on page 2 undefined on input lin
e 14.


Package natbib Warning: Citation `sjc' on page 2 undefined on input line 14.


Package natbib Warning: Citation `consistent3d' on page 2 undefined on input li
ne 14.


Package natbib Warning: Citation `magic3d' on page 2 undefined on input line 14
.


Package natbib Warning: Citation `fantasia3d' on page 2 undefined on input line
 14.


Package natbib Warning: Citation `prolificdreamer' on page 2 undefined on input
 line 14.


Package natbib Warning: Citation `li2024connecting' on page 2 undefined on inpu
t line 14.


Package natbib Warning: Citation `kwak2024geometry' on page 2 undefined on inpu
t line 14.


Package natbib Warning: Citation `dreamcraft3d' on page 2 undefined on input li
ne 14.


Package natbib Warning: Citation `gaussiandreamer' on page 2 undefined on input
 line 14.


Package natbib Warning: Citation `dreamgaussian' on page 2 undefined on input l
ine 14.


Package natbib Warning: Citation `liang2024luciddreamer' on page 2 undefined on
 input line 14.


Package natbib Warning: Citation `li2023instant3d' on page 2 undefined on input
 line 14.


Package natbib Warning: Citation `realfusion' on page 2 undefined on input line
 14.


Package natbib Warning: Citation `neurallift360' on page 2 undefined on input l
ine 14.


Package natbib Warning: Citation `makeit3d' on page 2 undefined on input line 1
4.


Package natbib Warning: Citation `liu2023zero' on page 2 undefined on input lin
e 14.


Package natbib Warning: Citation `weng2023consistent123' on page 2 undefined on
 input line 14.


Package natbib Warning: Citation `liu2024one' on page 2 undefined on input line
 14.


Package natbib Warning: Citation `liu2023one' on page 2 undefined on input line
 14.


Package natbib Warning: Citation `wonder3d' on page 2 undefined on input line 1
4.


Package natbib Warning: Citation `syncdreamer' on page 2 undefined on input lin
e 14.


Package natbib Warning: Citation `xu2024instantmesh' on page 2 undefined on inp
ut line 14.


Package natbib Warning: Citation `li2023instant3d' on page 2 undefined on input
 line 14.


Package natbib Warning: Citation `michelangelo' on page 2 undefined on input li
ne 14.




Package natbib Warning: Citation `ticd' on page 2 undefined on input line 16.


Package natbib Warning: Citation `flexgen' on page 2 undefined on input line 16
.


Package natbib Warning: Citation `3dgs' on page 2 undefined on input line 19.


Package natbib Warning: Citation `tang2024lgm' on page 2 undefined on input lin
e 19.


Package natbib Warning: Citation `rf' on page 2 undefined on input line 19.


Package natbib Warning: Citation `nerf' on page 2 undefined on input line 19.


Package natbib Warning: Citation `mipnerf' on page 2 undefined on input line 19
.


Package natbib Warning: Citation `lan2024ln3diff' on page 2 undefined on input 
line 19.


Package natbib Warning: Citation `nichol2022point' on page 2 undefined on input
 line 19.


Package natbib Warning: Citation `vahdat2022lion' on page 2 undefined on input 
line 19.


Package natbib Warning: Citation `zhang20233dshape2vecset' on page 2 undefined 
on input line 19.


Package natbib Warning: Citation `ren2024xcube' on page 2 undefined on input li
ne 19.


Package natbib Warning: Citation `xiong2025octfusion' on page 2 undefined on in
put line 19.


Package natbib Warning: Citation `yang2024atlas' on page 2 undefined on input l
ine 19.


Package natbib Warning: Citation `chen2025ultra3d' on page 2 undefined on input
 line 21.


Package natbib Warning: Citation `direct3d' on page 2 undefined on input line 2
1.


Package natbib Warning: Citation `direct3ds2' on page 2 undefined on input line
 21.


Package natbib Warning: Citation `li2025sparc3d' on page 2 undefined on input l
ine 21.


Package natbib Warning: Citation `ye2025hi3dgen' on page 2 undefined on input l
ine 21.


Package natbib Warning: Citation `clay' on page 2 undefined on input line 21.


Package natbib Warning: Citation `3dtopiaxl' on page 2 undefined on input line 
21.


Package natbib Warning: Citation `hunyuan3d2025hunyuan3d2.1' on page 2 undefine
d on input line 21.


Package natbib Warning: Citation `lai2025hunyuan3d2.5' on page 2 undefined on i
nput line 21.


Package natbib Warning: Citation `step1x' on page 2 undefined on input line 21.



Package natbib Warning: Citation `zhou2025few' on page 2 undefined on input lin
e 21.


Package natbib Warning: Citation `trellis' on page 2 undefined on input line 21
.


Package natbib Warning: Citation `unilat' on page 2 undefined on input line 21.



Package natbib Warning: Citation `llava' on page 2 undefined on input line 28.


Package natbib Warning: Citation `qwenvl' on page 2 undefined on input line 28.



Package natbib Warning: Citation `instructblip' on page 2 undefined on input li
ne 28.


Package natbib Warning: Citation `internvl' on page 2 undefined on input line 2
8.


Package natbib Warning: Citation `3dllm' on page 2 undefined on input line 28.


Package natbib Warning: Citation `pointllm' on page 2 undefined on input line 2
8.


Package natbib Warning: Citation `ll3da' on page 2 undefined on input line 28.


Package natbib Warning: Citation `controlnet' on page 2 undefined on input line
 28.


Package natbib Warning: Citation `t2i' on page 2 undefined on input line 28.


Package natbib Warning: Citation `ipadapter' on page 2 undefined on input line 
28.


Package natbib Warning: Citation `qwenimage' on page 2 undefined on input line 
28.


Package natbib Warning: Citation `bagel' on page 2 undefined on input line 28.


Package natbib Warning: Citation `instructp2p' on page 2 undefined on input lin
e 28.


Package natbib Warning: Citation `makeitmove' on page 2 undefined on input line
 28.


Package natbib Warning: Citation `wan' on page 2 undefined on input line 28.

) (./3_method.tex

Package natbib Warning: Citation `trellis' on page 2 undefined on input line 7.



Package natbib Warning: Citation `lipman2022flow' on page 2 undefined on input 
line 7.


Package natbib Warning: Citation `esser2024scaling' on page 2 undefined on inpu
t line 7.



[2]

Package natbib Warning: Citation `dinov2' on page 3 undefined on input line 24.



Package natbib Warning: Citation `3dgs' on page 3 undefined on input line 34.


Package natbib Warning: Citation `rf' on page 3 undefined on input line 34.


Package natbib Warning: Citation `unilat' on page 3 undefined on input line 54.




<tigon-show-view.png, id=135, 572.8602pt x 227.1687pt>
File: tigon-show-view.png Graphic file (type png)
<use tigon-show-view.png>
Package pdftex.def Info: tigon-show-view.png  used on input line 69.
(pdftex.def)             Requested size: 213.4209pt x 84.63344pt.


[3 <./tigon-show-view.png>]
<tigon-method.pdf, id=170, 597.23125pt x 663.47874pt>
File: tigon-method.pdf Graphic file (type pdf)
<use tigon-method.pdf>
Package pdftex.def Info: tigon-method.pdf  used on input line 128.
(pdftex.def)             Requested size: 213.4209pt x 237.0906pt.



Package natbib Warning: Citation `dit' on page 4 undefined on input line 143.



[4 <./tigon-method.pdf>]

Package natbib Warning: Citation `controlnet' on page 5 undefined on input line
 165.


Package natbib Warning: Citation `cfg' on page 5 undefined on input line 203.

) (./4_experiments.tex


Package natbib Warning: Citation `pytorch' on page 5 undefined on input line 26
.


Package natbib Warning: Citation `deepspeed' on page 5 undefined on input line 
29.


Package natbib Warning: Citation `flashattention' on page 5 undefined on input 
line 29.


Package natbib Warning: Citation `triposr' on page 5 undefined on input line 50
.


Package natbib Warning: Citation `step1x' on page 5 undefined on input line 53.



Package natbib Warning: Citation `hunyuan3d2025hunyuan3d2.1' on page 5 undefine
d on input line 54.


Package natbib Warning: Citation `ye2025hi3dgen' on page 5 undefined on input l
ine 55.


Package natbib Warning: Citation `direct3ds2' on page 5 undefined on input line
 56.


Package natbib Warning: Citation `clip' on page 5 undefined on input line 91.


Package natbib Warning: Citation `ulip' on page 5 undefined on input line 91.


Package natbib Warning: Citation `uni3d' on page 5 undefined on input line 91.

<tigon-main.png, id=218, 1018.7661pt x 1203.0546pt>
File: tigon-main.png Graphic file (type png)
<use tigon-main.png>
Package pdftex.def Info: tigon-main.png  used on input line 116.
(pdftex.def)             Requested size: 496.85625pt x 586.73pt.


[5]
<tigon-edit.png, id=232, 1218.954pt x 453.3738pt>
File: tigon-edit.png Graphic file (type png)
<use tigon-edit.png>
Package pdftex.def Info: tigon-edit.png  used on input line 135.
(pdftex.def)             Requested size: 496.85625pt x 184.79834pt.
<tigon-limitation.png, id=233, 1512.6111pt x 438.438pt>
File: tigon-limitation.png Graphic file (type png)
<use tigon-limitation.png>
Package pdftex.def Info: tigon-limitation.png  used on input line 143.
(pdftex.def)             Requested size: 237.13594pt x 68.73322pt.




[6]

LaTeX Warning: Text page 7 contains only floats.




LaTeX Warning: Text page 7 contains only floats.



[7 <./tigon-main.png>]
<tigon-ablation.png, id=251, 354.123pt x 114.9093pt>
File: tigon-ablation.png Graphic file (type png)
<use tigon-ablation.png>
Package pdftex.def Info: tigon-ablation.png  used on input line 190.
(pdftex.def)             Requested size: 237.13594pt x 76.95024pt.


) (./5_conclusion.tex)
No file main.bbl.
(./X_suppl.tex

[8 <./tigon-edit.png> <./tigon-limitation.png> <./tigon-ablation.png>]
<tigon-fusion-module.pdf, id=262, 436.83202pt x 346.09299pt>
File: tigon-fusion-module.pdf Graphic file (type pdf)
<use tigon-fusion-module.pdf>
Package pdftex.def Info: tigon-fusion-module.pdf  used on input line 29.
(pdftex.def)             Requested size: 237.13594pt x 187.87495pt.



Package natbib Warning: Citation `trellis' on page A1 undefined on input line 7
5.


Package natbib Warning: Citation `2024GPT4o' on page A1 undefined on input line
 75.


Package natbib Warning: Citation `deitke2023objaverse' on page A1 undefined on 
input line 78.


Package natbib Warning: Citation `deitke2024objaverse' on page A1 undefined on 
input line 78.


Package natbib Warning: Citation `collins2022abo' on page A1 undefined on input
 line 81.


Package natbib Warning: Citation `fu20213d' on page A1 undefined on input line 
84.



[1


 <./tigon-fusion-module.pdf>]

Package natbib Warning: Citation `khanna2023hssd' on page A2 undefined on input
 line 87.




Package natbib Warning: Citation `ulip' on page A2 undefined on input line 116.



Package natbib Warning: Citation `uni3d' on page A2 undefined on input line 116
.


Overfull \hbox (2.94267pt too wide) in paragraph at lines 130--140
 [][] 
 []

<tigon-supp-mesh-comp.png, id=297, 762.4485pt x 902.4114pt>
File: tigon-supp-mesh-comp.png Graphic file (type png)
<use tigon-supp-mesh-comp.png>
Package pdftex.def Info: tigon-supp-mesh-comp.png  used on input line 146.
(pdftex.def)             Requested size: 496.85625pt x 588.06137pt.
<tigon-supp-edit.png, id=300, 1105.731pt x 1225.2174pt>
File: tigon-supp-edit.png Graphic file (type png)
<use tigon-supp-edit.png>
Package pdftex.def Info: tigon-supp-edit.png  used on input line 153.
(pdftex.def)             Requested size: 496.85625pt x 550.53885pt.

Package natbib Warning: Citation `hunyuan3d2025hunyuan3d2.1' on page A2 undefin
ed on input line 160.


Package natbib Warning: Citation `step1x' on page A2 undefined on input line 16
0.



[2]

LaTeX Warning: Text page A3 contains only floats.




LaTeX Warning: Text page A3 contains only floats.



[3 <./tigon-supp-mesh-comp.png>]



[4 <./tigon-supp-edit.png>]

)

Package natbib Warning: There were undefined citations.



[5] (./main.aux)
 ***********
LaTeX2e <2024-11-01> patch level 2
L3 programming layer <2025-01-18>
 ***********


LaTeX Warning: Label(s) may have changed. Rerun to get cross-references right.

Package rerunfilecheck Info: File `main.out' has not changed.
(rerunfilecheck)             Checksum: 6DB683CBBB8CAD308F3A69BA0415D9A1;4363.
 ) 
Here is how much of TeX's memory you used:
 16044 strings out of 473190
 261358 string characters out of 5719980
 740373 words of memory out of 5000000
 38928 multiletter control sequences out of 15000+600000
 606561 words of font info for 139 fonts, out of 8000000 for 9000
 1141 hyphenation exceptions out of 8191
 90i,16n,93p,1620b,467s stack positions out of 10000i,1000n,20000p,200000b,200000s
<d:/texlive/2025/texmf-dist/fonts/type1/public/amsfonts/cm/cmbx10.pfb><d:/tex
live/2025/texmf-dist/fonts/type1/public/amsfonts/cm/cmbx9.pfb><d:/texlive/2025/
texmf-dist/fonts/type1/public/amsfonts/cm/cmex10.pfb><d:/texlive/2025/texmf-dis
t/fonts/type1/public/amsfonts/cm/cmmi10.pfb><d:/texlive/2025/texmf-dist/fonts/t
ype1/public/amsfonts/cm/cmmi5.pfb><d:/texlive/2025/texmf-dist/fonts/type1/publi
c/amsfonts/cm/cmmi7.pfb><d:/texlive/2025/texmf-dist/fonts/type1/public/amsfonts
/cm/cmmi9.pfb><d:/texlive/2025/texmf-dist/fonts/type1/public/amsfonts/cm/cmmib1
0.pfb><d:/texlive/2025/texmf-dist/fonts/type1/public/amsfonts/cm/cmr10.pfb><d:/
texlive/2025/texmf-dist/fonts/type1/public/amsfonts/cm/cmr5.pfb><d:/texlive/202
5/texmf-dist/fonts/type1/public/amsfonts/cm/cmr7.pfb><d:/texlive/2025/texmf-dis
t/fonts/type1/public/amsfonts/cm/cmr8.pfb><d:/texlive/2025/texmf-dist/fonts/typ
e1/public/amsfonts/cm/cmsy10.pfb><d:/texlive/2025/texmf-dist/fonts/type1/public
/amsfonts/cm/cmsy6.pfb><d:/texlive/2025/texmf-dist/fonts/type1/public/amsfonts/
cm/cmsy7.pfb><d:/texlive/2025/texmf-dist/fonts/type1/public/amsfonts/cm/cmsy9.p
fb><d:/texlive/2025/texmf-dist/fonts/type1/public/marvosym/marvosym.pfb><d:/tex
live/2025/texmf-dist/fonts/type1/public/amsfonts/symbols/msam10.pfb><d:/texlive
/2025/texmf-dist/fonts/type1/public/amsfonts/symbols/msbm10.pfb><d:/texlive/202
5/texmf-dist/fonts/type1/urw/courier/ucrb8a.pfb><d:/texlive/2025/texmf-dist/fon
ts/type1/urw/courier/ucrr8a.pfb><d:/texlive/2025/texmf-dist/fonts/type1/urw/cou
rier/ucrro8a.pfb><d:/texlive/2025/texmf-dist/fonts/type1/urw/times/utmb8a.pfb><
d:/texlive/2025/texmf-dist/fonts/type1/urw/times/utmbi8a.pfb><d:/texlive/2025/t
exmf-dist/fonts/type1/urw/times/utmr8a.pfb><d:/texlive/2025/texmf-dist/fonts/ty
pe1/urw/times/utmri8a.pfb>
Output written on main.pdf (13 pages, 250053886 bytes).
PDF statistics:
 466 PDF objects out of 1000 (max. 8388607)
 354 compressed objects within 4 object streams
 94 named destinations out of 1000 (max. 500000)
 259 words of extra memory for PDF output out of 10000 (max. 10000000)

