This is pdfTeX, Version 3.141592653-2.6-1.40.27 (TeX Live 2025) (preloaded format=pdflatex 2026.2.7)  25 AUG 2026 15:43
entering extended mode
 restricted \write18 enabled.
 %&-line parsing enabled.
**main.tex
(./main.tex
LaTeX2e <2024-11-01> patch level 2
L3 programming layer <2025-01-18>
(d:/texlive/2025/texmf-dist/tex/latex/base/article.cls
Document Class: article 2024/06/29 v1.4n Standard LaTeX document class
(d:/texlive/2025/texmf-dist/tex/latex/base/size10.clo
File: size10.clo 2024/06/29 v1.4n Standard LaTeX file (size option)
)
\c@part=\count196
\c@section=\count197
\c@subsection=\count198
\c@subsubsection=\count199
\c@paragraph=\count266
\c@subparagraph=\count267
\c@figure=\count268
\c@table=\count269
\abovecaptionskip=\skip49
\belowcaptionskip=\skip50
\bibindent=\dimen141
) (./cvpr.sty
Package: cvpr 2026 LaTeX class for IEEE CVPR

(d:/texlive/2025/texmf-dist/tex/latex/psnfss/times.sty
Package: times 2020/03/25 PSNFSS-v9.3 (SPQR) 
)
(d:/texlive/2025/texmf-dist/tex/latex/tools/xspace.sty
Package: xspace 2014/10/28 v1.13 Space after command names (DPC,MH)
)
(d:/texlive/2025/texmf-dist/tex/latex/xcolor/xcolor.sty
Package: xcolor 2024/09/29 v3.02 LaTeX color extensions (UK)

(d:/texlive/2025/texmf-dist/tex/latex/graphics-cfg/color.cfg
File: color.cfg 2016/01/02 v1.6 sample color configuration
)
Package xcolor Info: Driver file: pdftex.def on input line 274.

(d:/texlive/2025/texmf-dist/tex/latex/graphics-def/pdftex.def
File: pdftex.def 2024/04/13 v1.2c Graphics/color driver for pdftex
)
(d:/texlive/2025/texmf-dist/tex/latex/graphics/mathcolor.ltx)
Package xcolor Info: Model `cmy' substituted by `cmy0' on input line 1349.
Package xcolor Info: Model `hsb' substituted by `rgb' on input line 1353.
Package xcolor Info: Model `RGB' extended on input line 1365.
Package xcolor Info: Model `HTML' substituted by `rgb' on input line 1367.
Package xcolor Info: Model `Hsb' substituted by `hsb' on input line 1368.
Package xcolor Info: Model `tHsb' substituted by `hsb' on input line 1369.
Package xcolor Info: Model `HSB' substituted by `hsb' on input line 1370.
Package xcolor Info: Model `Gray' substituted by `gray' on input line 1371.
Package xcolor Info: Model `wave' substituted by `hsb' on input line 1372.
)
(d:/texlive/2025/texmf-dist/tex/latex/graphics/dvipsnam.def
File: dvipsnam.def 2016/06/17 v3.0m Driver-dependent file (DPC,SPQR)
)
(d:/texlive/2025/texmf-dist/tex/latex/graphics/graphicx.sty
Package: graphicx 2021/09/16 v1.2d Enhanced LaTeX Graphics (DPC,SPQR)

(d:/texlive/2025/texmf-dist/tex/latex/graphics/keyval.sty
Package: keyval 2022/05/29 v1.15 key=value parser (DPC)
\KV@toks@=\toks17
)
(d:/texlive/2025/texmf-dist/tex/latex/graphics/graphics.sty
Package: graphics 2024/08/06 v1.4g Standard LaTeX Graphics (DPC,SPQR)

(d:/texlive/2025/texmf-dist/tex/latex/graphics/trig.sty
Package: trig 2023/12/02 v1.11 sin cos tan (DPC)
)
(d:/texlive/2025/texmf-dist/tex/latex/graphics-cfg/graphics.cfg
File: graphics.cfg 2016/06/04 v1.11 sample graphics configuration
)
Package graphics Info: Driver file: pdftex.def on input line 106.
)
\Gin@req@height=\dimen142
\Gin@req@width=\dimen143
)
(d:/texlive/2025/texmf-dist/tex/latex/amsmath/amsmath.sty
Package: amsmath 2024/11/05 v2.17t AMS math features
\@mathmargin=\skip51

For additional information on amsmath, use the `?' option.
(d:/texlive/2025/texmf-dist/tex/latex/amsmath/amstext.sty
Package: amstext 2021/08/26 v2.01 AMS text

(d:/texlive/2025/texmf-dist/tex/latex/amsmath/amsgen.sty
File: amsgen.sty 1999/11/30 v2.0 generic functions
\@emptytoks=\toks18
\ex@=\dimen144
))
(d:/texlive/2025/texmf-dist/tex/latex/amsmath/amsbsy.sty
Package: amsbsy 1999/11/29 v1.2d Bold Symbols
\pmbraise@=\dimen145
)
(d:/texlive/2025/texmf-dist/tex/latex/amsmath/amsopn.sty
Package: amsopn 2022/04/08 v2.04 operator names
)
\inf@bad=\count270
LaTeX Info: Redefining \frac on input line 233.
\uproot@=\count271
\leftroot@=\count272
LaTeX Info: Redefining \overline on input line 398.
LaTeX Info: Redefining \colon on input line 409.
\classnum@=\count273
\DOTSCASE@=\count274
LaTeX Info: Redefining \ldots on input line 495.
LaTeX Info: Redefining \dots on input line 498.
LaTeX Info: Redefining \cdots on input line 619.
\Mathstrutbox@=\box52
\strutbox@=\box53
LaTeX Info: Redefining \big on input line 721.
LaTeX Info: Redefining \Big on input line 722.
LaTeX Info: Redefining \bigg on input line 723.
LaTeX Info: Redefining \Bigg on input line 724.
\big@size=\dimen146
LaTeX Font Info:    Redeclaring font encoding OML on input line 742.
LaTeX Font Info:    Redeclaring font encoding OMS on input line 743.
\macc@depth=\count275
LaTeX Info: Redefining \bmod on input line 904.
LaTeX Info: Redefining \pmod on input line 909.
LaTeX Info: Redefining \smash on input line 939.
LaTeX Info: Redefining \relbar on input line 969.
LaTeX Info: Redefining \Relbar on input line 970.
\c@MaxMatrixCols=\count276
\dotsspace@=\muskip17
\c@parentequation=\count277
\dspbrk@lvl=\count278
\tag@help=\toks19
\row@=\count279
\column@=\count280
\maxfields@=\count281
\andhelp@=\toks20
\eqnshift@=\dimen147
\alignsep@=\dimen148
\tagshift@=\dimen149
\tagwidth@=\dimen150
\totwidth@=\dimen151
\lineht@=\dimen152
\@envbody=\toks21
\multlinegap=\skip52
\multlinetaggap=\skip53
\mathdisplay@stack=\toks22
LaTeX Info: Redefining \[ on input line 2953.
LaTeX Info: Redefining \] on input line 2954.
)
(d:/texlive/2025/texmf-dist/tex/latex/amsfonts/amssymb.sty
Package: amssymb 2013/01/14 v3.01 AMS font symbols

(d:/texlive/2025/texmf-dist/tex/latex/amsfonts/amsfonts.sty
Package: amsfonts 2013/01/14 v3.01 Basic AMSFonts support
\symAMSa=\mathgroup4
\symAMSb=\mathgroup5
LaTeX Font Info:    Redeclaring math symbol \hbar on input line 98.
LaTeX Font Info:    Overwriting math alphabet `\mathfrak' in version `bold'
(Font)                  U/euf/m/n --> U/euf/b/n on input line 106.
))
(d:/texlive/2025/texmf-dist/tex/latex/booktabs/booktabs.sty
Package: booktabs 2020/01/12 v1.61803398 Publication quality tables
\heavyrulewidth=\dimen153
\lightrulewidth=\dimen154
\cmidrulewidth=\dimen155
\belowrulesep=\dimen156
\belowbottomsep=\dimen157
\aboverulesep=\dimen158
\abovetopsep=\dimen159
\cmidrulesep=\dimen160
\cmidrulekern=\dimen161
\defaultaddspace=\dimen162
\@cmidla=\count282
\@cmidlb=\count283
\@aboverulesep=\dimen163
\@belowrulesep=\dimen164
\@thisruleclass=\count284
\@lastruleclass=\count285
\@thisrulewidth=\dimen165
)
(d:/texlive/2025/texmf-dist/tex/latex/natbib/natbib.sty
Package: natbib 2010/09/13 8.31b (PWD, AO)
\bibhang=\skip54
\bibsep=\skip55
LaTeX Info: Redefining \cite on input line 694.
\c@NAT@ctr=\count286
)
(d:/texlive/2025/texmf-dist/tex/latex/silence/silence.sty
Package: silence 2012/07/02 v1.5b Selective filtering of warnings and error mes
sages
\sl@Save=\count287
\sl@StateNumber=\count288
\sl@MessageCount=\count289
\sl@Casualties=\count290
\sl@Filter=\toks23
\sl@Message=\toks24
\sl@UnexpandedMessage=\toks25
\sl@Mess@ge=\toks26
\sl@WarningCount=\count291
\sl@WarningNumber=\count292
\sl@WarningCasualties=\count293
\sl@TempBOW=\toks27
\sl@BankOfWarnings=\toks28
LaTeX Info: Redefining \GenericWarning on input line 433.
\sl@ErrorCount=\count294
\sl@ErrorNumber=\count295
\sl@ErrorCasualties=\count296
\sl@TempBOE=\toks29
\sl@BankOfErrors=\toks30
LaTeX Info: Redefining \GenericError on input line 601.
)
(d:/texlive/2025/texmf-dist/tex/latex/etoolbox/etoolbox.sty
Package: etoolbox 2025/02/11 v2.5l e-TeX tools for LaTeX (JAW)
\etb@tempcnta=\count297
)
(d:/texlive/2025/texmf-dist/tex/latex/caption/caption.sty
Package: caption 2023/08/05 v3.6o Customizing captions (AR)

(d:/texlive/2025/texmf-dist/tex/latex/caption/caption3.sty
Package: caption3 2023/07/31 v2.4d caption3 kernel (AR)
\caption@tempdima=\dimen166
\captionmargin=\dimen167
\caption@leftmargin=\dimen168
\caption@rightmargin=\dimen169
\caption@width=\dimen170
\caption@indent=\dimen171
\caption@parindent=\dimen172
\caption@hangindent=\dimen173
Package caption Info: Standard document class detected.
)
\c@caption@flags=\count298
\c@continuedfloat=\count299
)
(d:/texlive/2025/texmf-dist/tex/latex/caption/subcaption.sty
Package: subcaption 2023/07/28 v1.6b Sub-captions (AR)
Package caption Info: New subtype `subfigure' on input line 238.
\c@subfigure=\count300
Package caption Info: New subtype `subtable' on input line 238.
\c@subtable=\count301
)
(d:/texlive/2025/texmf-dist/tex/latex/url/url.sty
\Urlmuskip=\muskip18
Package: url 2013/09/16  ver 3.4  Verb mode for urls, etc.
)
CVPR 8.5 x 11-Inch Proceedings Style `cvpr.sty'.
(d:/texlive/2025/texmf-dist/tex/latex/enumitem/enumitem.sty
Package: enumitem 2025/02/06 v3.11 Customized lists
\labelindent=\skip56
\enit@outerparindent=\dimen174
\enit@toks=\toks31
\enit@inbox=\box54
\enit@count@id=\count302
\enitdp@description=\count303
))
(d:/texlive/2025/texmf-dist/tex/latex/sttools/cuted.sty
Package: cuted 2021/10/04 v2.0 Mixing onecolumn and twocolumn modes
\At@ViperColsBreak=\toks32
\preCutedStrip=\toks33
\postCutedStrip=\toks34
\cuted@@tempbox@a=\box55
\cuted@@tempbox@c=\box56
\cuted@@tempbox@var=\box57
\hold@viper=\box58
\@viper=\box59
\cuted@@varbox@a=\box60
\cuted@@varbox@c=\box61
\cuted@@tempdim@spread=\dimen175
\cuted@@tempdim@a=\dimen176
\cuted@@tempdim@b=\dimen177
\ht@hold@viper=\dimen178
\ht@viper=\dimen179
\var@@pagediscards@ht=\dimen180
\stripsep=\skip57
\viper@penalty=\count304
)
(d:/texlive/2025/texmf-dist/tex/latex/multirow/multirow.sty
Package: multirow 2024/11/12 v2.9 Span multiple rows of a table
\multirow@colwidth=\skip58
\multirow@cntb=\count305
\multirow@dima=\skip59
\bigstrutjot=\dimen181
)
(d:/texlive/2025/texmf-dist/tex/latex/colortbl/colortbl.sty
Package: colortbl 2024/07/06 v1.0i Color table columns (DPC)

(d:/texlive/2025/texmf-dist/tex/latex/tools/array.sty
Package: array 2024/10/17 v2.6g Tabular extension package (FMi)
\col@sep=\dimen182
\ar@mcellbox=\box62
\extrarowheight=\dimen183
\NC@list=\toks35
\extratabsurround=\skip60
\backup@length=\skip61
\ar@cellbox=\box63
)
\everycr=\toks36
\minrowclearance=\skip62
\rownum=\count306
)
(d:/texlive/2025/texmf-dist/tex/latex/algorithm2e/algorithm2e.sty
Package: algorithm2e 2017/07/18 v5.2 algorithms environments
\c@AlgoLine=\count307

(d:/texlive/2025/texmf-dist/tex/latex/base/ifthen.sty
Package: ifthen 2024/03/16 v1.1e Standard LaTeX ifthen package (DPC)
)
\algocf@hangindent=\skip63

(d:/texlive/2025/texmf-dist/tex/latex/ifoddpage/ifoddpage.sty
Package: ifoddpage 2022/10/18 v1.2 Conditionals for odd/even page detection
\c@checkoddpage=\count308
)
(d:/texlive/2025/texmf-dist/tex/latex/relsize/relsize.sty
Package: relsize 2013/03/29 ver 4.1
)
\skiptotal=\skip64
\skiplinenumber=\skip65
\skiprule=\skip66
\skiphlne=\skip67
\skiptext=\skip68
\skiplength=\skip69
\algomargin=\skip70
\skipalgocfslide=\skip71
\algowidth=\dimen184
\inoutsize=\dimen185
\inoutindent=\dimen186
\interspacetitleruled=\dimen187
\interspacealgoruled=\dimen188
\interspacetitleboxruled=\dimen189
\algocf@ruledwidth=\skip72
\algocf@inoutbox=\box64
\algocf@inputbox=\box65
\AlCapSkip=\skip73
\AlCapHSkip=\skip74
\algoskipindent=\skip75
\algocf@nlbox=\box66
\algocf@hangingbox=\box67
\algocf@untilbox=\box68
\algocf@skipuntil=\skip76
\algocf@capbox=\box69
\algocf@lcaptionbox=\skip77
\algoheightruledefault=\skip78
\algoheightrule=\skip79
\algotitleheightruledefault=\skip80
\algotitleheightrule=\skip81
\c@algocfline=\count309
\c@algocfproc=\count310
\c@algocf=\count311
\algocf@algoframe=\box70
\algocf@algobox=\box71
)
(d:/texlive/2025/texmf-dist/tex/latex/tocloft/tocloft.sty
Package: tocloft 2017/08/31 v2.3i parameterised ToC, etc., typesetting
Package tocloft Info: The document has section divisions on input line 51.
\cftparskip=\skip82
\cftbeforetoctitleskip=\skip83
\cftaftertoctitleskip=\skip84
\cftbeforepartskip=\skip85
\cftpartnumwidth=\skip86
\cftpartindent=\skip87
\cftbeforesecskip=\skip88
\cftsecindent=\skip89
\cftsecnumwidth=\skip90
\cftbeforesubsecskip=\skip91
\cftsubsecindent=\skip92
\cftsubsecnumwidth=\skip93
\cftbeforesubsubsecskip=\skip94
\cftsubsubsecindent=\skip95
\cftsubsubsecnumwidth=\skip96
\cftbeforeparaskip=\skip97
\cftparaindent=\skip98
\cftparanumwidth=\skip99
\cftbeforesubparaskip=\skip100
\cftsubparaindent=\skip101
\cftsubparanumwidth=\skip102
\cftbeforeloftitleskip=\skip103
\cftafterloftitleskip=\skip104
\cftbeforefigskip=\skip105
\cftfigindent=\skip106
\cftfignumwidth=\skip107
\c@lofdepth=\count312
\c@lotdepth=\count313
\cftbeforelottitleskip=\skip108
\cftafterlottitleskip=\skip109
\cftbeforetabskip=\skip110
\cfttabindent=\skip111
\cfttabnumwidth=\skip112
)
(d:/texlive/2025/texmf-dist/tex/latex/titlesec/titletoc.sty
Package: titletoc 2025/01/04 v2.17 TOC entries
\ttl@leftsep=\dimen190
)
(d:/texlive/2025/texmf-dist/tex/latex/hyperref/hyperref.sty
Package: hyperref 2024-11-05 v7.01l Hypertext links for LaTeX

(d:/texlive/2025/texmf-dist/tex/generic/iftex/iftex.sty
Package: iftex 2024/12/12 v1.0g TeX engine tests
)
(d:/texlive/2025/texmf-dist/tex/latex/kvsetkeys/kvsetkeys.sty
Package: kvsetkeys 2022-10-05 v1.19 Key value parser (HO)
)
(d:/texlive/2025/texmf-dist/tex/generic/kvdefinekeys/kvdefinekeys.sty
Package: kvdefinekeys 2019-12-19 v1.6 Define keys (HO)
)
(d:/texlive/2025/texmf-dist/tex/generic/pdfescape/pdfescape.sty
Package: pdfescape 2019/12/09 v1.15 Implements pdfTeX's escape features (HO)

(d:/texlive/2025/texmf-dist/tex/generic/ltxcmds/ltxcmds.sty
Package: ltxcmds 2023-12-04 v1.26 LaTeX kernel commands for general use (HO)
)
(d:/texlive/2025/texmf-dist/tex/generic/pdftexcmds/pdftexcmds.sty
Package: pdftexcmds 2020-06-27 v0.33 Utility functions of pdfTeX for LuaTeX (HO
)

(d:/texlive/2025/texmf-dist/tex/generic/infwarerr/infwarerr.sty
Package: infwarerr 2019/12/03 v1.5 Providing info/warning/error messages (HO)
)
Package pdftexcmds Info: \pdf@primitive is available.
Package pdftexcmds Info: \pdf@ifprimitive is available.
Package pdftexcmds Info: \pdfdraftmode found.
))
(d:/texlive/2025/texmf-dist/tex/latex/hycolor/hycolor.sty
Package: hycolor 2020-01-27 v1.10 Color options for hyperref/bookmark (HO)
)
(d:/texlive/2025/texmf-dist/tex/latex/hyperref/nameref.sty
Package: nameref 2023-11-26 v2.56 Cross-referencing by name of section

(d:/texlive/2025/texmf-dist/tex/latex/refcount/refcount.sty
Package: refcount 2019/12/15 v3.6 Data extraction from label references (HO)
)
(d:/texlive/2025/texmf-dist/tex/generic/gettitlestring/gettitlestring.sty
Package: gettitlestring 2019/12/15 v1.6 Cleanup title references (HO)

(d:/texlive/2025/texmf-dist/tex/latex/kvoptions/kvoptions.sty
Package: kvoptions 2022-06-15 v3.15 Key value format for package options (HO)
))
\c@section@level=\count314
)
(d:/texlive/2025/texmf-dist/tex/generic/stringenc/stringenc.sty
Package: stringenc 2019/11/29 v1.12 Convert strings between diff. encodings (HO
)
)
\@linkdim=\dimen191
\Hy@linkcounter=\count315
\Hy@pagecounter=\count316

(d:/texlive/2025/texmf-dist/tex/latex/hyperref/pd1enc.def
File: pd1enc.def 2024-11-05 v7.01l Hyperref: PDFDocEncoding definition (HO)
Now handling font encoding PD1 ...
... no UTF-8 mapping file for font encoding PD1
)
(d:/texlive/2025/texmf-dist/tex/generic/intcalc/intcalc.sty
Package: intcalc 2019/12/15 v1.3 Expandable calculations with integers (HO)
)
\Hy@SavedSpaceFactor=\count317

(d:/texlive/2025/texmf-dist/tex/latex/hyperref/puenc.def
File: puenc.def 2024-11-05 v7.01l Hyperref: PDF Unicode definition (HO)
Now handling font encoding PU ...
... no UTF-8 mapping file for font encoding PU
)
Package hyperref Info: Option `breaklinks' set `true' on input line 4040.
Package hyperref Info: Option `colorlinks' set `true' on input line 4040.
Package hyperref Info: Hyper figures OFF on input line 4157.
Package hyperref Info: Link nesting OFF on input line 4162.
Package hyperref Info: Hyper index ON on input line 4165.
Package hyperref Info: Plain pages OFF on input line 4172.
Package hyperref Info: Backreferencing ON on input line 4175.
Package hyperref Info: Implicit mode ON; LaTeX internals redefined.
Package hyperref Info: Bookmarks ON on input line 4424.

(d:/texlive/2025/texmf-dist/tex/latex/hyperref/backref.sty
Package: backref 2023-11-26 v1.44 Bibliographical back referencing

(d:/texlive/2025/texmf-dist/tex/latex/rerunfilecheck/rerunfilecheck.sty
Package: rerunfilecheck 2022-07-10 v1.10 Rerun checks for auxiliary files (HO)

(d:/texlive/2025/texmf-dist/tex/latex/base/atveryend-ltx.sty
Package: atveryend-ltx 2020/08/19 v1.0a Emulation of the original atveryend pac
kage
with kernel methods
)
(d:/texlive/2025/texmf-dist/tex/generic/uniquecounter/uniquecounter.sty
Package: uniquecounter 2019/12/15 v1.4 Provide unlimited unique counter (HO)

(d:/texlive/2025/texmf-dist/tex/generic/bigintcalc/bigintcalc.sty
Package: bigintcalc 2019/12/15 v1.5 Expandable calculations on big integers (HO
)
))
Package uniquecounter Info: New unique counter `rerunfilecheck' on input line 2
85.
))
\c@Hy@tempcnt=\count318
LaTeX Info: Redefining \url on input line 4763.
\XeTeXLinkMargin=\dimen192

(d:/texlive/2025/texmf-dist/tex/generic/bitset/bitset.sty
Package: bitset 2019/12/09 v1.3 Handle bit-vector datatype (HO)
)
\Fld@menulength=\count319
\Field@Width=\dimen193
\Fld@charsize=\dimen194
Package hyperref Info: Hyper figures OFF on input line 6042.
Package hyperref Info: Link nesting OFF on input line 6047.
Package hyperref Info: Hyper index ON on input line 6050.
Package hyperref Info: backreferencing ON on input line 6055.
Package hyperref Info: Link coloring ON on input line 6060.
Package hyperref Info: Link coloring with OCG OFF on input line 6067.
Package hyperref Info: PDF/A mode OFF on input line 6072.

(d:/texlive/2025/texmf-dist/tex/latex/base/atbegshi-ltx.sty
Package: atbegshi-ltx 2021/01/10 v1.0c Emulation of the original atbegshi
package with kernel methods
)
\Hy@abspage=\count320
\c@Item=\count321
\c@Hfootnote=\count322
)
Package hyperref Info: Driver (autodetected): hpdftex.

(d:/texlive/2025/texmf-dist/tex/latex/hyperref/hpdftex.def
File: hpdftex.def 2024-11-05 v7.01l Hyperref driver for pdfTeX
\Fld@listcount=\count323
\c@bookmark@seq@number=\count324
\Hy@SectionHShift=\skip113
)
(d:/texlive/2025/texmf-dist/tex/latex/cleveref/cleveref.sty
Package: cleveref 2018/03/27 v0.21.4 Intelligent cross-referencing
Package cleveref Info: `hyperref' support loaded on input line 2370.
LaTeX Info: Redefining \cref on input line 2370.
LaTeX Info: Redefining \Cref on input line 2370.
LaTeX Info: Redefining \crefrange on input line 2370.
LaTeX Info: Redefining \Crefrange on input line 2370.
LaTeX Info: Redefining \cpageref on input line 2370.
LaTeX Info: Redefining \Cpageref on input line 2370.
LaTeX Info: Redefining \cpagerefrange on input line 2370.
LaTeX Info: Redefining \Cpagerefrange on input line 2370.
LaTeX Info: Redefining \labelcref on input line 2370.
LaTeX Info: Redefining \labelcpageref on input line 2370.
Package cleveref Info: `algorithm2e' support loaded on input line 3147.
Package cleveref Info: always capitalise cross-reference names on input line 78
30.
Package cleveref Info: always capitalise cross-reference names on input line 78
52.
)
LaTeX Font Info:    Trying to load font information for OT1+ptm on input line 6
4.

(d:/texlive/2025/texmf-dist/tex/latex/psnfss/ot1ptm.fd
File: ot1ptm.fd 2001/06/04 font definitions for OT1/ptm.
)
(d:/texlive/2025/texmf-dist/tex/latex/l3backend/l3backend-pdftex.def
File: l3backend-pdftex.def 2024-05-08 L3 backend support: PDF output (pdfTeX)
\l__color_backend_stack_int=\count325
\l__pdf_internal_box=\box72
)
(./main.aux)
\openout1 = `main.aux'.

LaTeX Font Info:    Checking defaults for OML/cmm/m/it on input line 64.
LaTeX Font Info:    ... okay on input line 64.
LaTeX Font Info:    Checking defaults for OMS/cmsy/m/n on input line 64.
LaTeX Font Info:    ... okay on input line 64.
LaTeX Font Info:    Checking defaults for OT1/cmr/m/n on input line 64.
LaTeX Font Info:    ... okay on input line 64.
LaTeX Font Info:    Checking defaults for T1/cmr/m/n on input line 64.
LaTeX Font Info:    ... okay on input line 64.
LaTeX Font Info:    Checking defaults for TS1/cmr/m/n on input line 64.
LaTeX Font Info:    ... okay on input line 64.
LaTeX Font Info:    Checking defaults for OMX/cmex/m/n on input line 64.
LaTeX Font Info:    ... okay on input line 64.
LaTeX Font Info:    Checking defaults for U/cmr/m/n on input line 64.
LaTeX Font Info:    ... okay on input line 64.
LaTeX Font Info:    Checking defaults for PD1/pdf/m/n on input line 64.
LaTeX Font Info:    ... okay on input line 64.
LaTeX Font Info:    Checking defaults for PU/pdf/m/n on input line 64.
LaTeX Font Info:    ... okay on input line 64.
 (d:/texlive/2025/texmf-dist/tex/context/base/mkii/supp-pdf.mkii
[Loading MPS to PDF converter (version 2006.09.02).]
\scratchcounter=\count326
\scratchdimen=\dimen195
\scratchbox=\box73
\nofMPsegments=\count327
\nofMParguments=\count328
\everyMPshowfont=\toks37
\MPscratchCnt=\count329
\MPscratchDim=\dimen196
\MPnumerator=\count330
\makeMPintoPDFobject=\count331
\everyMPtoPDFconversion=\toks38
) (d:/texlive/2025/texmf-dist/tex/latex/epstopdf-pkg/epstopdf-base.sty
Package: epstopdf-base 2020-01-24 v2.11 Base part for package epstopdf

(d:/texlive/2025/texmf-dist/tex/latex/grfext/grfext.sty
Package: grfext 2019/12/03 v1.3 Manage graphics extensions (HO)
)
Package epstopdf-base Info: Redefining graphics rule for `.eps' on input line 4
85.
Package grfext Info: Graphics extension search list:
(grfext)             [.pdf,.png,.jpg,.mps,.jpeg,.jbig2,.jb2,.PDF,.PNG,.JPG,.JPE
G,.JBIG2,.JB2,.eps]
(grfext)             \AppendGraphicsExtensions on input line 504.

(d:/texlive/2025/texmf-dist/tex/latex/latexconfig/epstopdf-sys.cfg
File: epstopdf-sys.cfg 2010/07/13 v1.3 Configuration of (r)epstopdf for TeX Liv
e
))
Package caption Info: Begin \AtBeginDocument code.
Package caption Info: hyperref package is loaded.
Package caption Info: End \AtBeginDocument code.

ABD: EveryShipout initializing macros
Package backref Info: ** backref set up for natbib ** on input line 64.
Package hyperref Info: Link coloring ON on input line 64.
 (./main.out) (./main.out)
\@outlinefile=\write3
\openout3 = `main.out'.

LaTeX Font Info:    Trying to load font information for U+msa on input line 66.


(d:/texlive/2025/texmf-dist/tex/latex/amsfonts/umsa.fd
File: umsa.fd 2013/01/14 v3.01 AMS symbols A
)
LaTeX Font Info:    Trying to load font information for U+msb on input line 66.


(d:/texlive/2025/texmf-dist/tex/latex/amsfonts/umsb.fd
File: umsb.fd 2013/01/14 v3.01 AMS symbols B
)
LaTeX Font Info:    Trying to load font information for OT1+pcr on input line 6
6.

(d:/texlive/2025/texmf-dist/tex/latex/psnfss/ot1pcr.fd
File: ot1pcr.fd 2001/06/04 font definitions for OT1/pcr.
)
<figures/teaser_v7.pdf, id=142, 2832.5825pt x 1142.2675pt>
File: figures/teaser_v7.pdf Graphic file (type pdf)
<use figures/teaser_v7.pdf>
Package pdftex.def Info: figures/teaser_v7.pdf  used on input line 70.
(pdftex.def)             Requested size: 496.85625pt x 200.35298pt.
LaTeX Font Info:    Trying to load font information for TS1+ptm on input line 7
5.

(d:/texlive/2025/texmf-dist/tex/latex/psnfss/ts1ptm.fd
File: ts1ptm.fd 2001/06/04 font definitions for TS1/ptm.
)
CUTED [- LAST -]
Extra skip:0.0pt
Left:0.0pt/0.0pt
Right:0.0pt/0.0pt
Split: 18.92003pt
Output:18.92003pt
Pageshrink: 2.0pt
Pagestretch: 4.0pt
@colht:484.98465pt
CUTED [output]: 18.92003pt
CUTED [leftcolumn badness]: 10000
CUTED [rightcolumn badness]: 0



Package natbib Warning: Citation `zhang2024clay' on page 1 undefined on input l
ine 90.


Package natbib Warning: Citation `xiang2025structured' on page 1 undefined on i
nput line 90.


Package natbib Warning: Citation `chen2025dora' on page 1 undefined on input li
ne 90.


Package natbib Warning: Citation `he2025sparseflex' on page 1 undefined on inpu
t line 90.


Package natbib Warning: Citation `wu2025direct3d' on page 1 undefined on input 
line 90.



[1{d:/texlive/2025/texmf-var/fonts/map/pdftex/updmap/pdftex.map}{d:/texlive/202
5/texmf-dist/fonts/enc/dvips/base/8r.enc}


 <./figures/teaser_v7.pdf>]

Package natbib Warning: Citation `zhang2024clay' on page 2 undefined on input l
ine 92.


Package natbib Warning: Citation `xiang2025structured' on page 2 undefined on i
nput line 92.


Package natbib Warning: Citation `chen20243dtopia' on page 2 undefined on input
 line 92.


Package natbib Warning: Citation `chen2025dora' on page 2 undefined on input li
ne 92.


Package natbib Warning: Citation `wu2025direct3d' on page 2 undefined on input 
line 92.


Package natbib Warning: Citation `he2025sparseflex' on page 2 undefined on inpu
t line 92.


Package natbib Warning: Citation `li2025sparc3d' on page 2 undefined on input l
ine 92.


Package natbib Warning: Citation `shen2023flexicubes' on page 2 undefined on in
put line 92.


Package natbib Warning: Citation `xiang2025structured' on page 2 undefined on i
nput line 92.


Package natbib Warning: Citation `xiang2025structured' on page 2 undefined on i
nput line 101.


Package natbib Warning: Citation `chen2024deep' on page 2 undefined on input li
ne 102.




Package natbib Warning: Citation `mescheder2019occupancy' on page 2 undefined o
n input line 114.


Package natbib Warning: Citation `park2019deepsdf' on page 2 undefined on input
 line 114.


Package natbib Warning: Citation `deng2021deformed' on page 2 undefined on inpu
t line 114.


Package natbib Warning: Citation `hui2022neural' on page 2 undefined on input l
ine 114.


Package natbib Warning: Citation `zheng2023lasdiffusion' on page 2 undefined on
 input line 114.


Package natbib Warning: Citation `mildenhall2021nerf' on page 2 undefined on in
put line 115.


Package natbib Warning: Citation `tang2023volumediffusion' on page 2 undefined 
on input line 115.


Package natbib Warning: Citation `muller2023diffrf' on page 2 undefined on inpu
t line 115.


Package natbib Warning: Citation `nash2020polygen' on page 2 undefined on input
 line 116.


Package natbib Warning: Citation `chen2024meshanything' on page 2 undefined on 
input line 116.


Package natbib Warning: Citation `nichol2022point' on page 2 undefined on input
 line 116.


Package natbib Warning: Citation `luo2021diffusion' on page 2 undefined on inpu
t line 116.


Package natbib Warning: Citation `zhou20213d' on page 2 undefined on input line
 116.


Package natbib Warning: Citation `kerbl20233d' on page 2 undefined on input lin
e 116.


Package natbib Warning: Citation `yu2024mip' on page 2 undefined on input line 
116.


Package natbib Warning: Citation `zhang2024gaussiancube' on page 2 undefined on
 input line 116.


Package natbib Warning: Citation `he2024gvgen' on page 2 undefined on input lin
e 116.


Package natbib Warning: Citation `he2025sparseflex' on page 2 undefined on inpu
t line 117.


Package natbib Warning: Citation `li2025sparc3d' on page 2 undefined on input l
ine 117.


Package natbib Warning: Citation `rombach2022high' on page 2 undefined on input
 line 121.


Package natbib Warning: Citation `lan2024ga' on page 2 undefined on input line 
122.


Package natbib Warning: Citation `yang2024atlas' on page 2 undefined on input l
ine 122.


Package natbib Warning: Citation `chen20243dtopia' on page 2 undefined on input
 line 122.


Package natbib Warning: Citation `vahdat2022lion' on page 2 undefined on input 
line 122.


Package natbib Warning: Citation `ntavelis2023autodecoding' on page 2 undefined
 on input line 122.


Package natbib Warning: Citation `xiong2025octfusion' on page 2 undefined on in
put line 122.


Package natbib Warning: Citation `ren2024xcube' on page 2 undefined on input li
ne 122.


Package natbib Warning: Citation `meng2025lt3sd' on page 2 undefined on input l
ine 122.


Package natbib Warning: Citation `wu2024direct3d' on page 2 undefined on input 
line 122.


Package natbib Warning: Citation `lan2024ln3diff' on page 2 undefined on input 
line 122.


Package natbib Warning: Citation `gupta20233dgen' on page 2 undefined on input 
line 122.


Package natbib Warning: Citation `jaegle2021perceiver' on page 2 undefined on i
nput line 124.


Package natbib Warning: Citation `zhang20233dshape2vecset' on page 2 undefined 
on input line 125.


Package natbib Warning: Citation `zhao2024michelangelo' on page 2 undefined on 
input line 125.


Package natbib Warning: Citation `jun2023shap' on page 2 undefined on input lin
e 125.


Package natbib Warning: Citation `zhang2024clay' on page 2 undefined on input l
ine 125.


Package natbib Warning: Citation `li2024craftsman' on page 2 undefined on input
 line 125.


Package natbib Warning: Citation `li2025step1x' on page 2 undefined on input li
ne 125.


Package natbib Warning: Citation `hunyuan3d2025hunyuan3d' on page 2 undefined o
n input line 125.


Package natbib Warning: Citation `xiang2025structured' on page 2 undefined on i
nput line 127.


Package natbib Warning: Citation `li2025sparc3d' on page 2 undefined on input l
ine 127.


Package natbib Warning: Citation `he2025sparseflex' on page 2 undefined on inpu
t line 127.


Package natbib Warning: Citation `wu2025direct3d' on page 2 undefined on input 
line 129.


Package natbib Warning: Citation `chen2025ultra3d' on page 2 undefined on input
 line 129.



[2]

Package natbib Warning: Citation `deitke2023objaverse' on page 3 undefined on i
nput line 134.


Package natbib Warning: Citation `deitke2024objaverse' on page 3 undefined on i
nput line 134.


Package natbib Warning: Citation `zhang2025texverse' on page 3 undefined on inp
ut line 134.


Package natbib Warning: Citation `zhang2024clay' on page 3 undefined on input l
ine 134.


Package natbib Warning: Citation `xiang2025structured' on page 3 undefined on i
nput line 134.


Package natbib Warning: Citation `chen20243dtopia' on page 3 undefined on input
 line 134.


Package natbib Warning: Citation `hunyuan3d2025hunyuan3d' on page 3 undefined o
n input line 134.


Package natbib Warning: Citation `yang2025pandora3d' on page 3 undefined on inp
ut line 134.


Package natbib Warning: Citation `li2025step1x' on page 3 undefined on input li
ne 134.


Package natbib Warning: Citation `li2025triposg' on page 3 undefined on input l
ine 134.


Package natbib Warning: Citation `zhang2024clay' on page 3 undefined on input l
ine 135.


Package natbib Warning: Citation `hunyuan3d2025hunyuan3d' on page 3 undefined o
n input line 135.


Package natbib Warning: Citation `yang2025pandora3d' on page 3 undefined on inp
ut line 135.


Package natbib Warning: Citation `li2025step1x' on page 3 undefined on input li
ne 135.


Package natbib Warning: Citation `li2025step1x' on page 3 undefined on input li
ne 135.


Package natbib Warning: Citation `li2025triposg' on page 3 undefined on input l
ine 135.

<figures/overview_v5.pdf, id=264, 979.66pt x 184.69pt>
File: figures/overview_v5.pdf Graphic file (type pdf)
<use figures/overview_v5.pdf>
Package pdftex.def Info: figures/overview_v5.pdf  used on input line 138.
(pdftex.def)             Requested size: 237.13594pt x 44.70413pt.

Package natbib Warning: Citation `xiang2025structured' on page 3 undefined on i
nput line 146.



<figures/representation.pdf, id=272, 1988.42876pt x 1903.11pt>
File: figures/representation.pdf Graphic file (type pdf)
<use figures/representation.pdf>
Package pdftex.def Info: figures/representation.pdf  used on input line 170.
(pdftex.def)             Requested size: 237.13594pt x 226.94043pt.

Package natbib Warning: Citation `ju2002dual' on page 3 undefined on input line
 183.


Package natbib Warning: Citation `chen2022neural' on page 3 undefined on input 
line 183.



[3 <./figures/overview_v5.pdf> <./figures/representation.pdf

pdfTeX warning: pdflatex.exe (file ./figures/representation.pdf): PDF inclusion
: multiple pdfs with page group included in a single page
>]

Package natbib Warning: Citation `shen2023flexicubes' on page 4 undefined on in
put line 202.




Package natbib Warning: Citation `ju2002dual' on page 4 undefined on input line
 222.


Package natbib Warning: Citation `xiang2025structured' on page 4 undefined on i
nput line 253.


Package natbib Warning: Citation `he2025sparseflex' on page 4 undefined on inpu
t line 253.


Package natbib Warning: Citation `rombach2022high' on page 4 undefined on input
 line 254.



[4]
<figures/scvae_v3.pdf, id=451, 1877.0125pt x 1206.5075pt>
File: figures/scvae_v3.pdf Graphic file (type pdf)
<use figures/scvae_v3.pdf>
Package pdftex.def Info: figures/scvae_v3.pdf  used on input line 260.
(pdftex.def)             Requested size: 237.13594pt x 152.41472pt.


Package natbib Warning: Citation `chen2024deep' on page 5 undefined on input li
ne 271.


Package natbib Warning: Citation `ren2024xcube' on page 5 undefined on input li
ne 295.




Package natbib Warning: Citation `liu2022convnet' on page 5 undefined on input 
line 301.


Package natbib Warning: Citation `xiang2025structured' on page 5 undefined on i
nput line 331.


Package natbib Warning: Citation `peebles2023scalable' on page 5 undefined on i
nput line 332.


Package natbib Warning: Citation `lipman2023flow' on page 5 undefined on input 
line 332.


Package natbib Warning: Citation `xiang2025structured' on page 5 undefined on i
nput line 332.



[5 <./figures/scvae_v3.pdf>]

Package natbib Warning: Citation `xiang2025structured' on page 6 undefined on i
nput line 340.


Package natbib Warning: Citation `chen2024pixart' on page 6 undefined on input 
line 347.


Package natbib Warning: Citation `su2024roformer' on page 6 undefined on input 
line 347.


Package natbib Warning: Citation `simeoni2025dinov3' on page 6 undefined on inp
ut line 348.


Package natbib Warning: Citation `xiang2025structured' on page 6 undefined on i
nput line 349.

<figures/results_v4.pdf, id=595, 3044.37375pt x 936.49875pt>
File: figures/results_v4.pdf Graphic file (type pdf)
<use figures/results_v4.pdf>
Package pdftex.def Info: figures/results_v4.pdf  used on input line 358.
(pdftex.def)             Requested size: 496.85625pt x 152.82942pt.
<figures/comparison.pdf, id=596, 10308.5125pt x 2402.9775pt>
File: figures/comparison.pdf Graphic file (type pdf)
<use figures/comparison.pdf>
Package pdftex.def Info: figures/comparison.pdf  used on input line 367.
(pdftex.def)             Requested size: 496.85625pt x 115.7926pt.

Package natbib Warning: Citation `xiang2025structured' on page 6 undefined on i
nput line 377.


Package natbib Warning: Citation `deitke2024objaverse' on page 6 undefined on i
nput line 377.


Package natbib Warning: Citation `collins2022abo' on page 6 undefined on input 
line 377.


Package natbib Warning: Citation `khanna2023hssd' on page 6 undefined on input 
line 377.


Package natbib Warning: Citation `tillet2019triton' on page 6 undefined on inpu
t line 378.


Package natbib Warning: Citation `graham2017submanifold' on page 6 undefined on
 input line 378.


Package natbib Warning: Citation `zhang2025texverse' on page 6 undefined on inp
ut line 380.


Package natbib Warning: Citation `blender' on page 6 undefined on input line 38
1.


Package natbib Warning: Citation `loshchilov2017decoupled' on page 6 undefined 
on input line 382.




Package natbib Warning: Citation `stojanov2021using' on page 6 undefined on inp
ut line 386.


Package natbib Warning: Citation `sketchfab2025' on page 6 undefined on input l
ine 386.


Package natbib Warning: Citation `fortin2025nanobanana' on page 6 undefined on 
input line 387.


Package natbib Warning: Citation `munkberg2022extracting' on page 6 undefined o
n input line 388.


Package natbib Warning: Citation `chen2025dora' on page 6 undefined on input li
ne 426.


Package natbib Warning: Citation `xiang2025structured' on page 6 undefined on i
nput line 426.


Package natbib Warning: Citation `wu2025direct3d' on page 6 undefined on input 
line 426.


Package natbib Warning: Citation `he2025sparseflex' on page 6 undefined on inpu
t line 426.



[6]

Package natbib Warning: Citation `xiang2025structured' on page 7 undefined on i
nput line 473.


Package natbib Warning: Citation `ye2025hi3dgen' on page 7 undefined on input l
ine 473.


Package natbib Warning: Citation `wu2025direct3d' on page 7 undefined on input 
line 473.


Package natbib Warning: Citation `li2025step1x' on page 7 undefined on input li
ne 473.


Package natbib Warning: Citation `hunyuan3d2025hunyuan3d' on page 7 undefined o
n input line 473.


Package natbib Warning: Citation `radford2021learning' on page 7 undefined on i
nput line 477.


Package natbib Warning: Citation `xue2024ulip' on page 7 undefined on input lin
e 477.


Package natbib Warning: Citation `zhou2023uni3d' on page 7 undefined on input l
ine 477.



<figures/texture_v2.pdf, id=613, 1357.07pt x 1306.8825pt>
File: figures/texture_v2.pdf Graphic file (type pdf)
<use figures/texture_v2.pdf>
Package pdftex.def Info: figures/texture_v2.pdf  used on input line 485.
(pdftex.def)             Requested size: 237.13594pt x 228.34892pt.

Package natbib Warning: Citation `hunyuan3d2025hunyuan3d' on page 7 undefined o
n input line 494.


Package natbib Warning: Citation `yu2024texgen' on page 7 undefined on input li
ne 494.



[7 <./figures/results_v4.pdf> <./figures/comparison.pdf

pdfTeX warning: pdflatex.exe (file ./figures/comparison.pdf): PDF inclusion: mu
ltiple pdfs with page group included in a single page
> <./figures/texture_v2.pdf

pdfTeX warning: pdflatex.exe (file ./figures/texture_v2.pdf): PDF inclusion: mu
ltiple pdfs with page group included in a single page
>]

<figures/tts_v4.pdf, id=661, 1267.73625pt x 328.22626pt>
File: figures/tts_v4.pdf Graphic file (type pdf)
<use figures/tts_v4.pdf>
Package pdftex.def Info: figures/tts_v4.pdf  used on input line 537.
(pdftex.def)             Requested size: 237.13594pt x 61.39201pt.


[8 <./figures/tts_v4.pdf>]
No file main.bbl.




[9

]

Package natbib Warning: Citation `liu2022convnet' on page 1 undefined on input 
line 791.


Package natbib Warning: Citation `chen2024deep' on page 1 undefined on input li
ne 791.


Package natbib Warning: Citation `chen2024pixart' on page 1 undefined on input 
line 798.






pdfTeX warning (ext4): destination with the same identifier (name{page.1}) has 
been already used, duplicate ignored
<to be read again> 
                   \relax 
l.801 \end{itemize}
                    [1

]

Package natbib Warning: Citation `su2024roformer' on page 2 undefined on input 
line 803.


Package natbib Warning: Citation `esser2024scaling' on page 2 undefined on inpu
t line 803.


Package natbib Warning: Citation `zhang2019root' on page 2 undefined on input l
ine 803.






pdfTeX warning (ext4): destination with the same identifier (name{page.2}) has 
been already used, duplicate ignored
<to be read again> 
                   \relax 
l.840 ...ined SC-VAE models without modification.}
                                                   The fully sparse-convolut...
[2]


Package natbib Warning: Citation `liu2023flow' on page 3 undefined on input lin
e 844.


Package natbib Warning: Citation `lipman2023flow' on page 3 undefined on input 
line 846.


Package natbib Warning: Citation `xiang2025structured' on page 3 undefined on i
nput line 851.

<figures/flexgemm.pdf, id=718, 1602.98875pt x 701.62125pt>
File: figures/flexgemm.pdf Graphic file (type pdf)
<use figures/flexgemm.pdf>
Package pdftex.def Info: figures/flexgemm.pdf  used on input line 857.
(pdftex.def)             Requested size: 496.85625pt x 217.46822pt.

Package natbib Warning: Citation `spconv2022' on page 3 undefined on input line
 859.


Package natbib Warning: Citation `tangandyang2023torchsparse' on page 3 undefin
ed on input line 859.


Package natbib Warning: Citation `williams2024fvdb' on page 3 undefined on inpu
t line 859.


Package natbib Warning: Citation `warpconvnet2025' on page 3 undefined on input
 line 859.


Package natbib Warning: Citation `spconv2022' on page 3 undefined on input line
 859.


Package natbib Warning: Citation `tangandyang2023torchsparse' on page 3 undefin
ed on input line 859.


Package natbib Warning: Citation `williams2024fvdb' on page 3 undefined on inpu
t line 859.


Package natbib Warning: Citation `warpconvnet2025' on page 3 undefined on input
 line 859.


Package natbib Warning: Citation `tillet2019triton' on page 3 undefined on inpu
t line 864.


Package natbib Warning: Citation `spconv2022' on page 3 undefined on input line
 866.




pdfTeX warning (ext4): destination with the same identifier (name{page.3}) has 
been already used, duplicate ignored
<to be read again> 
                   \relax 
l.867 
       [3]

Package natbib Warning: Citation `zhang2025texverse' on page 4 undefined on inp
ut line 879.


Package natbib Warning: Citation `deitke2024objaverse' on page 4 undefined on i
nput line 880.


Package natbib Warning: Citation `deitke2024objaverse' on page 4 undefined on i
nput line 881.


Package natbib Warning: Citation `collins2022abo' on page 4 undefined on input 
line 882.


Package natbib Warning: Citation `khanna2023hssd' on page 4 undefined on input 
line 883.


Package natbib Warning: Citation `stojanov2021using' on page 4 undefined on inp
ut line 887.


Package natbib Warning: Citation `xiang2025structured' on page 4 undefined on i
nput line 893.


Package natbib Warning: Citation `fu20213d' on page 4 undefined on input line 8
93.




Package natbib Warning: Citation `blender' on page 4 undefined on input line 89
5.


Package natbib Warning: Citation `zhang2025texverse' on page 4 undefined on inp
ut line 897.


Package natbib Warning: Citation `sketchfab2025' on page 4 undefined on input l
ine 897.




pdfTeX warning (ext4): destination with the same identifier (name{page.4}) has 
been already used, duplicate ignored
<to be read again> 
                   \relax 
l.912 
       [4 <./figures/flexgemm.pdf>]


Package natbib Warning: Citation `munkberg2022extracting' on page 5 undefined o
n input line 971.




pdfTeX warning (ext4): destination with the same identifier (name{page.5}) has 
been already used, duplicate ignored
<to be read again> 
                   \relax 
l.972 
       [5]

Package natbib Warning: Citation `fortin2025nanobanana' on page 6 undefined on 
input line 976.


Package natbib Warning: Citation `radford2021learning' on page 6 undefined on i
nput line 979.


Package natbib Warning: Citation `xue2024ulip' on page 6 undefined on input lin
e 979.


Package natbib Warning: Citation `zhou2023uni3d' on page 6 undefined on input l
ine 979.



<figures/userstudy.pdf, id=768, 898.35625pt x 1624.0675pt>
File: figures/userstudy.pdf Graphic file (type pdf)
<use figures/userstudy.pdf>
Package pdftex.def Info: figures/userstudy.pdf  used on input line 991.
(pdftex.def)             Requested size: 237.13594pt x 428.69072pt.



pdfTeX warning (ext4): destination with the same identifier (name{page.6}) has 
been already used, duplicate ignored
<to be read again> 
                   \relax 
l.1000 
        [6 <./figures/userstudy.pdf>]




pdfTeX warning (ext4): destination with the same identifier (name{page.7}) has 
been already used, duplicate ignored
<to be read again> 
                   \relax 
l.1062 
        [7]
<figures/results_vae.pdf, id=821, 1199.48125pt x 1682.285pt>
File: figures/results_vae.pdf Graphic file (type pdf)
<use figures/results_vae.pdf>
Package pdftex.def Info: figures/results_vae.pdf  used on input line 1081.
(pdftex.def)             Requested size: 457.10683pt x 641.09749pt.
<figures/comparison_vae.pdf, id=822, 1688.3075pt x 2802.47pt>
File: figures/comparison_vae.pdf Graphic file (type pdf)
<use figures/comparison_vae.pdf>
Package pdftex.def Info: figures/comparison_vae.pdf  used on input line 1091.
(pdftex.def)             Requested size: 392.51309pt x 651.5248pt.
<figures/results_more.pdf, id=823, 1524.69624pt x 2111.89pt>
File: figures/results_more.pdf Graphic file (type pdf)
<use figures/results_more.pdf>
Package pdftex.def Info: figures/results_more.pdf  used on input line 1101.
(pdftex.def)             Requested size: 462.07266pt x 640.01686pt.
<figures/comparison_more.pdf, id=824, 1320.935pt x 1971.365pt>
File: figures/comparison_more.pdf Graphic file (type pdf)
<use figures/comparison_more.pdf>
Package pdftex.def Info: figures/comparison_more.pdf  used on input line 1111.
(pdftex.def)             Requested size: 437.23592pt x 652.5378pt.


LaTeX Warning: Float too large for page by 11.02144pt on input line 1116.


Package natbib Warning: There were undefined citations.






pdfTeX warning (ext4): destination with the same identifier (name{page.8}) has 
been already used, duplicate ignored
<to be read again> 
                   \relax 
l.1118 \end{document}
                      [8

]
pdfTeX warning (ext4): destination with the same identifier (name{page.9}) has 
been already used, duplicate ignored
<to be read again> 
                   \relax 
l.1118 \end{document}
                      [9 <./figures/results_vae.pdf>] [10 <./figures/comparison
_vae.pdf>] [11 <./figures/results_more.pdf>] [12 <./figures/comparison_more.pdf
>] (./main.aux)
 ***********
LaTeX2e <2024-11-01> patch level 2
L3 programming layer <2025-01-18>
 ***********
Package rerunfilecheck Info: File `main.out' has not changed.
(rerunfilecheck)             Checksum: A610CE328017C78563A5E11695E08DBF;5986.
 ) 
Here is how much of TeX's memory you used:
 16855 strings out of 473190
 277339 string characters out of 5719980
 785843 words of memory out of 5000000
 39734 multiletter control sequences out of 15000+600000
 608224 words of font info for 134 fonts, out of 8000000 for 9000
 1141 hyphenation exceptions out of 8191
 90i,23n,93p,1378b,638s stack positions out of 10000i,1000n,20000p,200000b,200000s
<d:/texlive/2025/texmf-dist/fonts/type1/public/amsfonts/cm/cmbx10.pfb><d:/tex
live/2025/texmf-dist/fonts/type1/public/amsfonts/cm/cmex10.pfb><d:/texlive/2025
/texmf-dist/fonts/type1/public/amsfonts/cmextra/cmex7.pfb><d:/texlive/2025/texm
f-dist/fonts/type1/public/amsfonts/cm/cmmi10.pfb><d:/texlive/2025/texmf-dist/fo
nts/type1/public/amsfonts/cm/cmmi5.pfb><d:/texlive/2025/texmf-dist/fonts/type1/
public/amsfonts/cm/cmmi6.pfb><d:/texlive/2025/texmf-dist/fonts/type1/public/ams
fonts/cm/cmmi7.pfb><d:/texlive/2025/texmf-dist/fonts/type1/public/amsfonts/cm/c
mmi8.pfb><d:/texlive/2025/texmf-dist/fonts/type1/public/amsfonts/cm/cmmib10.pfb
><d:/texlive/2025/texmf-dist/fonts/type1/public/amsfonts/cmextra/cmmib7.pfb><d:
/texlive/2025/texmf-dist/fonts/type1/public/amsfonts/cm/cmr10.pfb><d:/texlive/2
025/texmf-dist/fonts/type1/public/amsfonts/cm/cmr5.pfb><d:/texlive/2025/texmf-d
ist/fonts/type1/public/amsfonts/cm/cmr6.pfb><d:/texlive/2025/texmf-dist/fonts/t
ype1/public/amsfonts/cm/cmr7.pfb><d:/texlive/2025/texmf-dist/fonts/type1/public
/amsfonts/cm/cmr8.pfb><d:/texlive/2025/texmf-dist/fonts/type1/public/amsfonts/c
m/cmr9.pfb><d:/texlive/2025/texmf-dist/fonts/type1/public/amsfonts/cm/cmsy10.pf
b><d:/texlive/2025/texmf-dist/fonts/type1/public/amsfonts/cm/cmsy5.pfb><d:/texl
ive/2025/texmf-dist/fonts/type1/public/amsfonts/cm/cmsy6.pfb><d:/texlive/2025/t
exmf-dist/fonts/type1/public/amsfonts/cm/cmsy7.pfb><d:/texlive/2025/texmf-dist/
fonts/type1/public/amsfonts/cm/cmsy8.pfb><d:/texlive/2025/texmf-dist/fonts/type
1/public/amsfonts/cm/cmsy9.pfb><d:/texlive/2025/texmf-dist/fonts/type1/public/a
msfonts/symbols/msbm10.pfb><d:/texlive/2025/texmf-dist/fonts/type1/urw/courier/
ucrr8a.pfb><d:/texlive/2025/texmf-dist/fonts/type1/urw/times/utmb8a.pfb><d:/tex
live/2025/texmf-dist/fonts/type1/urw/times/utmbi8a.pfb><d:/texlive/2025/texmf-d
ist/fonts/type1/urw/times/utmr8a.pfb><d:/texlive/2025/texmf-dist/fonts/type1/ur
w/times/utmri8a.pfb>
Output written on main.pdf (21 pages, 32699111 bytes).
PDF statistics:
 1019 PDF objects out of 1200 (max. 8388607)
 726 compressed objects within 8 object streams
 127 named destinations out of 1000 (max. 500000)
 343 words of extra memory for PDF output out of 10000 (max. 10000000)

