\BOOKMARK [1][-]{section.1}{\376\377\000I\000n\000t\000r\000o\000d\000u\000c\000t\000i\000o\000n}{}% 1
\BOOKMARK [1][-]{section.2}{\376\377\000D\000a\000t\000a\000\040\000P\000r\000o\000c\000e\000s\000s\000i\000n\000g}{}% 2
\BOOKMARK [2][-]{subsection.2.1}{\376\377\000D\000a\000t\000a\000s\000e\000t\000\040\000c\000o\000l\000l\000e\000c\000t\000i\000o\000n}{section.2}% 3
\BOOKMARK [2][-]{subsection.2.2}{\376\377\000D\000a\000t\000a\000\040\000p\000r\000e\000p\000r\000o\000c\000e\000s\000s\000i\000n\000g\000\040\000f\000o\000r\000\040\000s\000h\000a\000p\000e\000\040\000g\000e\000n\000e\000r\000a\000t\000i\000o\000n}{section.2}% 4
\BOOKMARK [3][-]{subsubsection.2.2.1}{\376\377\000N\000o\000r\000m\000a\000l\000i\000z\000a\000t\000i\000o\000n}{subsection.2.2}% 5
\BOOKMARK [3][-]{subsubsection.2.2.2}{\376\377\000W\000a\000t\000e\000r\000t\000i\000g\000h\000t}{subsection.2.2}% 6
\BOOKMARK [3][-]{subsubsection.2.2.3}{\376\377\000S\000D\000F\000\040\000S\000a\000m\000p\000l\000i\000n\000g}{subsection.2.2}% 7
\BOOKMARK [3][-]{subsubsection.2.2.4}{\376\377\000S\000u\000r\000f\000a\000c\000e\000\040\000S\000a\000m\000p\000l\000i\000n\000g}{subsection.2.2}% 8
\BOOKMARK [3][-]{subsubsection.2.2.5}{\376\377\000C\000o\000n\000d\000i\000t\000i\000o\000n\000\040\000R\000e\000n\000d\000e\000r}{subsection.2.2}% 9
\BOOKMARK [2][-]{subsection.2.3}{\376\377\000D\000a\000t\000a\000\040\000p\000r\000e\000p\000r\000o\000c\000e\000s\000s\000i\000n\000g\000\040\000f\000o\000r\000\040\000t\000e\000x\000t\000u\000r\000e\000\040\000s\000y\000n\000t\000h\000e\000s\000i\000s}{section.2}% 10
\BOOKMARK [1][-]{section.3}{\376\377\000T\000r\000a\000i\000n\000i\000n\000g}{}% 11
\BOOKMARK [2][-]{subsection.3.1}{\376\377\000H\000u\000n\000y\000u\000a\000n\0003\000D\000-\000S\000h\000a\000p\000e}{section.3}% 12
\BOOKMARK [3][-]{subsubsection.3.1.1}{\376\377\000H\000u\000n\000y\000u\000a\000n\0003\000D\000-\000S\000h\000a\000p\000e\000V\000A\000E}{subsection.3.1}% 13
\BOOKMARK [3][-]{subsubsection.3.1.2}{\376\377\000H\000u\000n\000y\000u\000a\000n\0003\000D\000-\000D\000i\000T}{subsection.3.1}% 14
\BOOKMARK [2][-]{subsection.3.2}{\376\377\000H\000u\000n\000y\000u\000a\000n\0003\000D\000-\000P\000a\000i\000n\000t}{section.3}% 15
\BOOKMARK [1][-]{section.4}{\376\377\000E\000v\000a\000l\000u\000a\000t\000i\000o\000n}{}% 16
\BOOKMARK [2][-]{subsection.4.1}{\376\377\0003\000D\000\040\000S\000h\000a\000p\000e\000\040\000G\000e\000n\000e\000r\000a\000t\000i\000o\000n}{section.4}% 17
\BOOKMARK [2][-]{subsection.4.2}{\376\377\000T\000e\000x\000t\000u\000r\000e\000\040\000M\000a\000p\000\040\000S\000y\000n\000t\000h\000e\000s\000i\000s}{section.4}% 18
\BOOKMARK [1][-]{section.5}{\376\377\000C\000o\000n\000c\000l\000u\000s\000i\000o\000n}{}% 19
\BOOKMARK [1][-]{section.6}{\376\377\000C\000o\000n\000t\000r\000i\000b\000u\000t\000o\000r\000s}{}% 20
