This is pdfTeX, Version 3.141592653-2.6-1.40.27 (TeX Live 2025) (preloaded format=pdflatex)
 restricted \write18 enabled.
entering extended mode
(./neurips_2025.tex
LaTeX2e <2024-11-01> patch level 2
L3 programming layer <2025-01-18>
(d:/texlive/2025/texmf-dist/tex/latex/base/article.cls
Document Class: article 2024/06/29 v1.4n Standard LaTeX document class
(d:/texlive/2025/texmf-dist/tex/latex/base/size10.clo)) (./neurips_2025.sty
(d:/texlive/2025/texmf-dist/tex/latex/environ/environ.sty
(d:/texlive/2025/texmf-dist/tex/latex/trimspaces/trimspaces.sty))
(d:/texlive/2025/texmf-dist/tex/latex/natbib/natbib.sty)
(d:/texlive/2025/texmf-dist/tex/latex/geometry/geometry.sty
(d:/texlive/2025/texmf-dist/tex/latex/graphics/keyval.sty)
(d:/texlive/2025/texmf-dist/tex/generic/iftex/ifvtex.sty
(d:/texlive/2025/texmf-dist/tex/generic/iftex/iftex.sty))))
(d:/texlive/2025/texmf-dist/tex/latex/base/inputenc.sty)
(d:/texlive/2025/texmf-dist/tex/latex/base/fontenc.sty
(d:/texlive/2025/texmf-dist/tex/latex/psnfss/t1ptm.fd))
(d:/texlive/2025/texmf-dist/tex/latex/xcolor/xcolor.sty
(d:/texlive/2025/texmf-dist/tex/latex/graphics-cfg/color.cfg)
(d:/texlive/2025/texmf-dist/tex/latex/graphics-def/pdftex.def)
(d:/texlive/2025/texmf-dist/tex/latex/graphics/mathcolor.ltx))
(d:/texlive/2025/texmf-dist/tex/latex/colortbl/colortbl.sty
(d:/texlive/2025/texmf-dist/tex/latex/tools/array.sty))
(d:/texlive/2025/texmf-dist/tex/latex/float/float.sty)
(d:/texlive/2025/texmf-dist/tex/latex/hyperref/hyperref.sty
(d:/texlive/2025/texmf-dist/tex/latex/kvsetkeys/kvsetkeys.sty)
(d:/texlive/2025/texmf-dist/tex/generic/kvdefinekeys/kvdefinekeys.sty)
(d:/texlive/2025/texmf-dist/tex/generic/pdfescape/pdfescape.sty
(d:/texlive/2025/texmf-dist/tex/generic/ltxcmds/ltxcmds.sty)
(d:/texlive/2025/texmf-dist/tex/generic/pdftexcmds/pdftexcmds.sty
(d:/texlive/2025/texmf-dist/tex/generic/infwarerr/infwarerr.sty)))
(d:/texlive/2025/texmf-dist/tex/latex/hycolor/hycolor.sty)
(d:/texlive/2025/texmf-dist/tex/latex/hyperref/nameref.sty
(d:/texlive/2025/texmf-dist/tex/latex/refcount/refcount.sty)
(d:/texlive/2025/texmf-dist/tex/generic/gettitlestring/gettitlestring.sty
(d:/texlive/2025/texmf-dist/tex/latex/kvoptions/kvoptions.sty)))
(d:/texlive/2025/texmf-dist/tex/latex/etoolbox/etoolbox.sty)
(d:/texlive/2025/texmf-dist/tex/generic/stringenc/stringenc.sty)
(d:/texlive/2025/texmf-dist/tex/latex/hyperref/pd1enc.def)
(d:/texlive/2025/texmf-dist/tex/generic/intcalc/intcalc.sty)
(d:/texlive/2025/texmf-dist/tex/latex/hyperref/puenc.def)
(d:/texlive/2025/texmf-dist/tex/latex/url/url.sty)
(d:/texlive/2025/texmf-dist/tex/generic/bitset/bitset.sty
(d:/texlive/2025/texmf-dist/tex/generic/bigintcalc/bigintcalc.sty))
(d:/texlive/2025/texmf-dist/tex/latex/base/atbegshi-ltx.sty))
(d:/texlive/2025/texmf-dist/tex/latex/hyperref/hpdftex.def
(d:/texlive/2025/texmf-dist/tex/latex/base/atveryend-ltx.sty)
(d:/texlive/2025/texmf-dist/tex/latex/rerunfilecheck/rerunfilecheck.sty
(d:/texlive/2025/texmf-dist/tex/generic/uniquecounter/uniquecounter.sty)))
(d:/texlive/2025/texmf-dist/tex/latex/booktabs/booktabs.sty)
(d:/texlive/2025/texmf-dist/tex/latex/algorithms/algorithm.sty
(d:/texlive/2025/texmf-dist/tex/latex/base/ifthen.sty))
(d:/texlive/2025/texmf-dist/tex/latex/algorithmicx/algpseudocode.sty
(d:/texlive/2025/texmf-dist/tex/latex/algorithmicx/algorithmicx.sty
Document Style algorithmicx 1.2 - a greatly improved `algorithmic' style
)
Document Style - pseudocode environments for use with the `algorithmicx' style
) (d:/texlive/2025/texmf-dist/tex/latex/amsfonts/amsfonts.sty)
(d:/texlive/2025/texmf-dist/tex/latex/units/nicefrac.sty)
(d:/texlive/2025/texmf-dist/tex/latex/microtype/microtype.sty
(d:/texlive/2025/texmf-dist/tex/latex/microtype/microtype-pdftex.def)
(d:/texlive/2025/texmf-dist/tex/latex/microtype/microtype.cfg))
(d:/texlive/2025/texmf-dist/tex/latex/amsmath/amsmath.sty
For additional information on amsmath, use the `?' option.
(d:/texlive/2025/texmf-dist/tex/latex/amsmath/amstext.sty
(d:/texlive/2025/texmf-dist/tex/latex/amsmath/amsgen.sty))
(d:/texlive/2025/texmf-dist/tex/latex/amsmath/amsbsy.sty)
(d:/texlive/2025/texmf-dist/tex/latex/amsmath/amsopn.sty))
(d:/texlive/2025/texmf-dist/tex/latex/tools/bm.sty)
(d:/texlive/2025/texmf-dist/tex/latex/amsfonts/amssymb.sty)
(d:/texlive/2025/texmf-dist/tex/latex/tools/tabularx.sty)
(d:/texlive/2025/texmf-dist/tex/latex/multirow/multirow.sty)
(d:/texlive/2025/texmf-dist/tex/latex/psnfss/times.sty)
(d:/texlive/2025/texmf-dist/tex/latex/graphics/epsfig.sty
(d:/texlive/2025/texmf-dist/tex/latex/graphics/graphicx.sty
(d:/texlive/2025/texmf-dist/tex/latex/graphics/graphics.sty
(d:/texlive/2025/texmf-dist/tex/latex/graphics/trig.sty)
(d:/texlive/2025/texmf-dist/tex/latex/graphics-cfg/graphics.cfg))))
(d:/texlive/2025/texmf-dist/tex/latex/adjustbox/adjustbox.sty
(d:/texlive/2025/texmf-dist/tex/latex/xkeyval/xkeyval.sty
(d:/texlive/2025/texmf-dist/tex/generic/xkeyval/xkeyval.tex
(d:/texlive/2025/texmf-dist/tex/generic/xkeyval/xkvutils.tex)))
(d:/texlive/2025/texmf-dist/tex/latex/adjustbox/adjcalc.sty)
(d:/texlive/2025/texmf-dist/tex/latex/adjustbox/trimclip.sty
(d:/texlive/2025/texmf-dist/tex/latex/collectbox/collectbox.sty)
(d:/texlive/2025/texmf-dist/tex/latex/adjustbox/tc-pdftex.def))
(d:/texlive/2025/texmf-dist/tex/latex/ifoddpage/ifoddpage.sty)
(d:/texlive/2025/texmf-dist/tex/latex/varwidth/varwidth.sty))
(d:/texlive/2025/texmf-dist/tex/latex/tabularray/tabularray.sty
(d:/texlive/2025/texmf-dist/tex/latex/l3kernel/expl3.sty
(d:/texlive/2025/texmf-dist/tex/latex/l3backend/l3backend-pdftex.def)))
(d:/texlive/2025/texmf-dist/tex/latex/tools/xspace.sty)
(d:/texlive/2025/texmf-dist/tex/latex/caption/caption.sty
(d:/texlive/2025/texmf-dist/tex/latex/caption/caption3.sty))
(d:/texlive/2025/texmf-dist/tex/latex/stackengine/stackengine.sty
(d:/texlive/2025/texmf-dist/tex/generic/listofitems/listofitems.sty
(d:/texlive/2025/texmf-dist/tex/generic/listofitems/listofitems.tex))
(d:/texlive/2025/texmf-dist/tex/latex/tools/calc.sty))
(d:/texlive/2025/texmf-dist/tex/latex/makecell/makecell.sty)
(d:/texlive/2025/texmf-dist/tex/latex/utfsym/utfsym.sty
(d:/texlive/2025/texmf-dist/tex/latex/l3packages/l3keys2e/l3keys2e.sty)
(d:/texlive/2025/texmf-dist/tex/latex/pgf/frontendlayer/tikz.sty
(d:/texlive/2025/texmf-dist/tex/latex/pgf/basiclayer/pgf.sty
(d:/texlive/2025/texmf-dist/tex/latex/pgf/utilities/pgfrcs.sty
(d:/texlive/2025/texmf-dist/tex/generic/pgf/utilities/pgfutil-common.tex)
(d:/texlive/2025/texmf-dist/tex/generic/pgf/utilities/pgfutil-latex.def)
(d:/texlive/2025/texmf-dist/tex/generic/pgf/utilities/pgfrcs.code.tex
(d:/texlive/2025/texmf-dist/tex/generic/pgf/pgf.revision.tex)))
(d:/texlive/2025/texmf-dist/tex/latex/pgf/basiclayer/pgfcore.sty
(d:/texlive/2025/texmf-dist/tex/latex/pgf/systemlayer/pgfsys.sty
(d:/texlive/2025/texmf-dist/tex/generic/pgf/systemlayer/pgfsys.code.tex
(d:/texlive/2025/texmf-dist/tex/generic/pgf/utilities/pgfkeys.code.tex
(d:/texlive/2025/texmf-dist/tex/generic/pgf/utilities/pgfkeyslibraryfiltered.co
de.tex)) (d:/texlive/2025/texmf-dist/tex/generic/pgf/systemlayer/pgf.cfg)
(d:/texlive/2025/texmf-dist/tex/generic/pgf/systemlayer/pgfsys-pdftex.def
(d:/texlive/2025/texmf-dist/tex/generic/pgf/systemlayer/pgfsys-common-pdf.def))
)
(d:/texlive/2025/texmf-dist/tex/generic/pgf/systemlayer/pgfsyssoftpath.code.tex
)
(d:/texlive/2025/texmf-dist/tex/generic/pgf/systemlayer/pgfsysprotocol.code.tex
)) (d:/texlive/2025/texmf-dist/tex/generic/pgf/basiclayer/pgfcore.code.tex
(d:/texlive/2025/texmf-dist/tex/generic/pgf/math/pgfmath.code.tex
(d:/texlive/2025/texmf-dist/tex/generic/pgf/math/pgfmathutil.code.tex)
(d:/texlive/2025/texmf-dist/tex/generic/pgf/math/pgfmathparser.code.tex)
(d:/texlive/2025/texmf-dist/tex/generic/pgf/math/pgfmathfunctions.code.tex)
(d:/texlive/2025/texmf-dist/tex/generic/pgf/math/pgfmathfunctions.basic.code.te
x)
(d:/texlive/2025/texmf-dist/tex/generic/pgf/math/pgfmathfunctions.trigonometric
.code.tex)
(d:/texlive/2025/texmf-dist/tex/generic/pgf/math/pgfmathfunctions.random.code.t
ex)
(d:/texlive/2025/texmf-dist/tex/generic/pgf/math/pgfmathfunctions.comparison.co
de.tex)
(d:/texlive/2025/texmf-dist/tex/generic/pgf/math/pgfmathfunctions.base.code.tex
)
(d:/texlive/2025/texmf-dist/tex/generic/pgf/math/pgfmathfunctions.round.code.te
x)
(d:/texlive/2025/texmf-dist/tex/generic/pgf/math/pgfmathfunctions.misc.code.tex
)
(d:/texlive/2025/texmf-dist/tex/generic/pgf/math/pgfmathfunctions.integerarithm
etics.code.tex)
(d:/texlive/2025/texmf-dist/tex/generic/pgf/math/pgfmathcalc.code.tex)
(d:/texlive/2025/texmf-dist/tex/generic/pgf/math/pgfmathfloat.code.tex))
(d:/texlive/2025/texmf-dist/tex/generic/pgf/math/pgfint.code.tex)
(d:/texlive/2025/texmf-dist/tex/generic/pgf/basiclayer/pgfcorepoints.code.tex)
(d:/texlive/2025/texmf-dist/tex/generic/pgf/basiclayer/pgfcorepathconstruct.cod
e.tex)
(d:/texlive/2025/texmf-dist/tex/generic/pgf/basiclayer/pgfcorepathusage.code.te
x)
(d:/texlive/2025/texmf-dist/tex/generic/pgf/basiclayer/pgfcorescopes.code.tex)
(d:/texlive/2025/texmf-dist/tex/generic/pgf/basiclayer/pgfcoregraphicstate.code
.tex)
(d:/texlive/2025/texmf-dist/tex/generic/pgf/basiclayer/pgfcoretransformations.c
ode.tex)
(d:/texlive/2025/texmf-dist/tex/generic/pgf/basiclayer/pgfcorequick.code.tex)
(d:/texlive/2025/texmf-dist/tex/generic/pgf/basiclayer/pgfcoreobjects.code.tex)

(d:/texlive/2025/texmf-dist/tex/generic/pgf/basiclayer/pgfcorepathprocessing.co
de.tex)
(d:/texlive/2025/texmf-dist/tex/generic/pgf/basiclayer/pgfcorearrows.code.tex)
(d:/texlive/2025/texmf-dist/tex/generic/pgf/basiclayer/pgfcoreshade.code.tex)
(d:/texlive/2025/texmf-dist/tex/generic/pgf/basiclayer/pgfcoreimage.code.tex)
(d:/texlive/2025/texmf-dist/tex/generic/pgf/basiclayer/pgfcoreexternal.code.tex
) (d:/texlive/2025/texmf-dist/tex/generic/pgf/basiclayer/pgfcorelayers.code.tex
)
(d:/texlive/2025/texmf-dist/tex/generic/pgf/basiclayer/pgfcoretransparency.code
.tex)
(d:/texlive/2025/texmf-dist/tex/generic/pgf/basiclayer/pgfcorepatterns.code.tex
) (d:/texlive/2025/texmf-dist/tex/generic/pgf/basiclayer/pgfcorerdf.code.tex)))
 (d:/texlive/2025/texmf-dist/tex/generic/pgf/modules/pgfmoduleshapes.code.tex)
(d:/texlive/2025/texmf-dist/tex/generic/pgf/modules/pgfmoduleplot.code.tex)
(d:/texlive/2025/texmf-dist/tex/latex/pgf/compatibility/pgfcomp-version-0-65.st
y)
(d:/texlive/2025/texmf-dist/tex/latex/pgf/compatibility/pgfcomp-version-1-18.st
y)) (d:/texlive/2025/texmf-dist/tex/latex/pgf/utilities/pgffor.sty
(d:/texlive/2025/texmf-dist/tex/latex/pgf/utilities/pgfkeys.sty
(d:/texlive/2025/texmf-dist/tex/generic/pgf/utilities/pgfkeys.code.tex))
(d:/texlive/2025/texmf-dist/tex/latex/pgf/math/pgfmath.sty
(d:/texlive/2025/texmf-dist/tex/generic/pgf/math/pgfmath.code.tex))
(d:/texlive/2025/texmf-dist/tex/generic/pgf/utilities/pgffor.code.tex))
(d:/texlive/2025/texmf-dist/tex/generic/pgf/frontendlayer/tikz/tikz.code.tex
(d:/texlive/2025/texmf-dist/tex/generic/pgf/libraries/pgflibraryplothandlers.co
de.tex)
(d:/texlive/2025/texmf-dist/tex/generic/pgf/modules/pgfmodulematrix.code.tex)
(d:/texlive/2025/texmf-dist/tex/generic/pgf/frontendlayer/tikz/libraries/tikzli
brarytopaths.code.tex))))
(d:/texlive/2025/texmf-dist/tex/latex/bbding/bbding.sty)
(d:/texlive/2025/texmf-dist/tex/latex/subfig/subfig.sty)
(d:/texlive/2025/texmf-dist/tex/latex/tools/enumerate.sty)
(d:/texlive/2025/texmf-dist/tex/latex/wrapfig/wrapfig.sty)
(d:/texlive/2025/texmf-dist/tex/latex/mathtools/mathtools.sty
(d:/texlive/2025/texmf-dist/tex/latex/mathtools/mhsetup.sty))
(d:/texlive/2025/texmf-dist/tex/latex/enumitem/enumitem.sty)
(d:/texlive/2025/texmf-dist/tex/latex/cleveref/cleveref.sty)
(d:/texlive/2025/texmf-dist/tex/latex/listings/listings.sty
(d:/texlive/2025/texmf-dist/tex/latex/listings/lstpatch.sty)
(d:/texlive/2025/texmf-dist/tex/latex/listings/lstmisc.sty)
(d:/texlive/2025/texmf-dist/tex/latex/listings/listings.cfg))
No file neurips_2025.aux.
*geometry* driver: auto-detecting
*geometry* detected driver: pdftex
*geometry* verbose mode - [ preamble ] result:
* driver: pdftex
* paper: letterpaper
* layout: <same size as paper>
* layoutoffset:(h,v)=(0.0pt,0.0pt)
* modes: 
* h-part:(L,W,R)=(92.14519pt, 430.00462pt, 92.14519pt)
* v-part:(T,H,B)=(95.39737pt, 556.47656pt, 143.09605pt)
* \paperwidth=614.295pt
* \paperheight=794.96999pt
* \textwidth=430.00462pt
* \textheight=556.47656pt
* \oddsidemargin=19.8752pt
* \evensidemargin=19.8752pt
* \topmargin=-13.87262pt
* \headheight=12.0pt
* \headsep=25.0pt
* \topskip=10.0pt
* \footskip=30.0pt
* \marginparwidth=65.0pt
* \marginparsep=11.0pt
* \columnsep=10.0pt
* \skip\footins=9.0pt plus 4.0pt minus 2.0pt
* \hoffset=0.0pt
* \voffset=0.0pt
* \mag=1000
* \@twocolumnfalse
* \@twosidefalse
* \@mparswitchfalse
* \@reversemarginfalse
* (1in=72.27pt=25.4mm, 1cm=28.453pt)

*geometry* verbose mode - [ newgeometry ] result:
* driver: pdftex
* paper: letterpaper
* layout: <same size as paper>
* layoutoffset:(h,v)=(0.0pt,0.0pt)
* modes: 
* h-part:(L,W,R)=(108.405pt, 397.48499pt, 108.40501pt)
* v-part:(T,H,B)=(72.26999pt, 650.43pt, 72.27pt)
* \paperwidth=614.295pt
* \paperheight=794.96999pt
* \textwidth=397.48499pt
* \textheight=650.43pt
* \oddsidemargin=36.13501pt
* \evensidemargin=36.13501pt
* \topmargin=-37.0pt
* \headheight=12.0pt
* \headsep=25.0pt
* \topskip=10.0pt
* \footskip=30.0pt
* \marginparwidth=65.0pt
* \marginparsep=11.0pt
* \columnsep=10.0pt
* \skip\footins=9.0pt plus 4.0pt minus 2.0pt
* \hoffset=0.0pt
* \voffset=0.0pt
* \mag=1000
* \@twocolumnfalse
* \@twosidefalse
* \@mparswitchfalse
* \@reversemarginfalse
* (1in=72.27pt=25.4mm, 1cm=28.453pt)

(d:/texlive/2025/texmf-dist/tex/context/base/mkii/supp-pdf.mkii
[Loading MPS to PDF converter (version 2006.09.02).]
) (d:/texlive/2025/texmf-dist/tex/latex/epstopdf-pkg/epstopdf-base.sty
(d:/texlive/2025/texmf-dist/tex/latex/latexconfig/epstopdf-sys.cfg))
(d:/texlive/2025/texmf-dist/tex/latex/microtype/mt-ptm.cfg)
(d:/texlive/2025/texmf-dist/tex/latex/ninecolors/ninecolors.sty
(d:/texlive/2025/texmf-dist/tex/latex/l3packages/xparse/xparse.sty))
(d:/texlive/2025/texmf-dist/tex/latex/microtype/mt-cmr.cfg)
(d:/texlive/2025/texmf-dist/tex/latex/amsfonts/umsa.fd)
(d:/texlive/2025/texmf-dist/tex/latex/microtype/mt-msa.cfg)
(d:/texlive/2025/texmf-dist/tex/latex/amsfonts/umsb.fd)
(d:/texlive/2025/texmf-dist/tex/latex/microtype/mt-msb.cfg)
(d:/texlive/2025/texmf-dist/tex/latex/psnfss/t1pcr.fd) (./doc/Abstract.tex)
(./doc/Intro.tex

Package natbib Warning: Citation `ho2020denoising' on page 1 undefined on input
 line 3.


Package natbib Warning: Citation `rombach2022high' on page 1 undefined on input
 line 3.


Package natbib Warning: Citation `esser2024scaling' on page 1 undefined on inpu
t line 3.


Package natbib Warning: Citation `li2024hunyuandit' on page 1 undefined on inpu
t line 3.


Package natbib Warning: Citation `kong2024hunyuanvideo' on page 1 undefined on 
input line 3.


Package natbib Warning: Citation `wan2025' on page 1 undefined on input line 3.



Package natbib Warning: Citation `zhang20233dshape2vecset' on page 1 undefined 
on input line 3.


Package natbib Warning: Citation `zhao2023michelangelo' on page 1 undefined on 
input line 3.


Package natbib Warning: Citation `li2025triposg' on page 1 undefined on input l
ine 3.


Package natbib Warning: Citation `weng2024scaling' on page 1 undefined on input
 line 3.


Package natbib Warning: Citation `zhang2024clay' on page 1 undefined on input l
ine 3.


Package natbib Warning: Citation `jiang2024flexitex' on page 1 undefined on inp
ut line 3.


Package natbib Warning: Citation `liu2024text' on page 1 undefined on input lin
e 3.


Package natbib Warning: Citation `zhang2024clay' on page 1 undefined on input l
ine 3.


Package natbib Warning: Citation `rombach2022high' on page 1 undefined on input
 line 3.


Package natbib Warning: Citation `touvron2023llama' on page 1 undefined on inpu
t line 3.


Package natbib Warning: Citation `kong2024hunyuanvideo' on page 1 undefined on 
input line 3.


Package natbib Warning: Citation `wan2025' on page 1 undefined on input line 3.



[1{d:/texlive/2025/texmf-var/fonts/map/pdftex/updmap/pdftex.map}{d:/texlive/202
5/texmf-dist/fonts/enc/dvips/base/8r.enc} <./fig/teaser.pdf>]

Package natbib Warning: Citation `lipman2022flow' on page 2 undefined on input 
line 11.


Package natbib Warning: Citation `esser2024scaling' on page 2 undefined on inpu
t line 11.


Package natbib Warning: Citation `hong2023lrm' on page 2 undefined on input lin
e 16.


Package natbib Warning: Citation `yang2024hunyuan3d' on page 2 undefined on inp
ut line 16.


Package natbib Warning: Citation `xu2024instantmesh' on page 2 undefined on inp
ut line 16.


Package natbib Warning: Citation `yang2024viewfusion' on page 2 undefined on in
put line 16.


Package natbib Warning: Citation `weng2023consistent123' on page 2 undefined on
 input line 16.


Package natbib Warning: Citation `liu2023syncdreamer' on page 2 undefined on in
put line 16.


Package natbib Warning: Citation `shi2023zero123++' on page 2 undefined on inpu
t line 16.


Package natbib Warning: Citation `liu2023zero' on page 2 undefined on input lin
e 16.


Package natbib Warning: Citation `zhao2023michelangelo' on page 2 undefined on 
input line 19.


Package natbib Warning: Citation `li2024craftsman' on page 2 undefined on input
 line 19.


Package natbib Warning: Citation `xiang2024structured' on page 2 undefined on i
nput line 19.


Package natbib Warning: Citation `li2025triposg' on page 2 undefined on input l
ine 19.


Package natbib Warning: Citation `li2025step1x' on page 2 undefined on input li
ne 19.


Package natbib Warning: Citation `wu2025direct3ds2gigascale3dgeneration' on pag
e 2 undefined on input line 19.

) (./doc/Data.tex

Package natbib Warning: Citation `chang2015shapenet' on page 2 undefined on inp
ut line 7.


Package natbib Warning: Citation `wu20153d' on page 2 undefined on input line 7
.


Package natbib Warning: Citation `zhou2016thingi10k' on page 2 undefined on inp
ut line 7.


Package natbib Warning: Citation `deitke2023objaverse' on page 2 undefined on i
nput line 7.


Package natbib Warning: Citation `deitke2023objaversexl' on page 2 undefined on
 input line 7.


Package natbib Warning: Citation `deitke2023objaversexl' on page 2 undefined on
 input line 7.


[2]

Package natbib Warning: Citation `deitke2023objaverse' on page 3 undefined on i
nput line 78.


Package natbib Warning: Citation `deitke2023objaversexl' on page 3 undefined on
 input line 78.

(d:/texlive/2025/texmf-dist/tex/latex/psnfss/ts1ptm.fd)) (./doc/Train.tex
[3]

Package natbib Warning: Citation `rombach2022high' on page 4 undefined on input
 line 6.


Package natbib Warning: Citation `zhang20233dshape2vecset' on page 4 undefined 
on input line 6.


Package natbib Warning: Citation `zhao2023michelangelo' on page 4 undefined on 
input line 6.


Package natbib Warning: Citation `zhang2024clay' on page 4 undefined on input l
ine 6.


LaTeX Warning: Reference `subsubsec:vae' on page 4 undefined on input line 6.


LaTeX Warning: Reference `subsubsec:dit' on page 4 undefined on input line 6.


Package natbib Warning: Citation `li2024hunyuandit' on page 4 undefined on inpu
t line 19.


Package natbib Warning: Citation `li2024hunyuandit' on page 4 undefined on inpu
t line 19.


Package wrapfig Warning: Stationary wrapfigure forced to float on input line 26
.


Package natbib Warning: Citation `zhang20233dshape2vecset' on page 4 undefined 
on input line 29.


Package natbib Warning: Citation `zhang2024clay' on page 4 undefined on input l
ine 29.


Package natbib Warning: Citation `chen2024dora' on page 4 undefined on input li
ne 29.


[4 <./fig/blocks.pdf>]

Package natbib Warning: Citation `oquab2023dinov2' on page 5 undefined on input
 line 53.


Package natbib Warning: Citation `li2024hunyuandit' on page 5 undefined on inpu
t line 55.


Package natbib Warning: Citation `li2025triposg' on page 5 undefined on input l
ine 55.


LaTeX Warning: Reference `fig:dit' on page 5 undefined on input line 55.


LaTeX Warning: Reference `fig:blocks' on page 5 undefined on input line 55.


Package natbib Warning: Citation `zhang2024clay' on page 5 undefined on input l
ine 55.


Package natbib Warning: Citation `li2024craftsman' on page 5 undefined on input
 line 55.


[5 <./fig/dit.pdf>]

Package natbib Warning: Citation `lipman2022flow' on page 6 undefined on input 
line 62.


Package natbib Warning: Citation `esser2024scaling' on page 6 undefined on inpu
t line 62.


Package natbib Warning: Citation `lipman2024flowmatchingguidecode' on page 6 un
defined on input line 62.


Package natbib Warning: Citation `zhao2025hunyuan3d' on page 6 undefined on inp
ut line 72.


LaTeX Warning: Reference `fig:texture_pipe' on page 6 undefined on input line 7
2.


Package natbib Warning: Citation `burley2012physically' on page 6 undefined on 
input line 72.


Package natbib Warning: Citation `he2025materialmvpilluminationinvariantmateria
lgeneration' on page 6 undefined on input line 82.


LaTeX Warning: Reference `fig:texture_pipe' on page 6 undefined on input line 8
2.


Package natbib Warning: Citation `feng2025romantexdecoupling3dawarerotary' on p
age 6 undefined on input line 82.


Package natbib Warning: Citation `feng2025romantexdecoupling3dawarerotary' on p
age 6 undefined on input line 84.


Package natbib Warning: Citation `he2025materialmvpilluminationinvariantmateria
lgeneration' on page 6 undefined on input line 87.


[6 <./fig/tex_pipe.pdf>]

Package natbib Warning: Citation `lin2024common' on page 7 undefined on input l
ine 90.

) (./doc/Evaluation.tex

Package natbib Warning: Citation `zhao2023michelangelo' on page 7 undefined on 
input line 10.


Package natbib Warning: Citation `li2024craftsman' on page 7 undefined on input
 line 11.


Package natbib Warning: Citation `li2025triposg' on page 7 undefined on input l
ine 12.


Package natbib Warning: Citation `li2025step1x' on page 7 undefined on input li
ne 13.


Package natbib Warning: Citation `xiang2024structured' on page 7 undefined on i
nput line 14.


Package natbib Warning: Citation `wu2025direct3ds2gigascale3dgeneration' on pag
e 7 undefined on input line 15.


Package natbib Warning: Citation `xue2023ulip' on page 7 undefined on input lin
e 36.


Package natbib Warning: Citation `zhouuni3d' on page 7 undefined on input line 
36.


Package natbib Warning: Citation `wu2025direct3ds2gigascale3dgeneration' on pag
e 7 undefined on input line 38.


Package natbib Warning: Citation `li2025step1x' on page 7 undefined on input li
ne 38.


Package natbib Warning: Citation `li2025triposg' on page 7 undefined on input l
ine 38.


LaTeX Warning: Reference `tab:shapegen_transposed' on page 1 undefined on input
 line 38.


LaTeX Warning: Reference `fig:geo_compare' on page 7 undefined on input line 38
.


Package natbib Warning: Citation `heusel2017gans' on page 7 undefined on input 
line 45.


Package natbib Warning: Citation `radford2021learning' on page 7 undefined on i
nput line 45.


Package natbib Warning: Citation `zhang2018unreasonable' on page 7 undefined on
 input line 45.


Package natbib Warning: Citation `liu2024text' on page 7 undefined on input lin
e 45.


Package natbib Warning: Citation `yu2024texgen' on page 7 undefined on input li
ne 45.


Package natbib Warning: Citation `zhao2025hunyuan3d' on page 7 undefined on inp
ut line 45.


LaTeX Warning: Reference `tab:img2tex' on page 7 undefined on input line 45.


LaTeX Warning: Reference `fig:tex_comp' on page 7 undefined on input line 45.


[7]

LaTeX Warning: `h' float specifier changed to `ht'.


Package natbib Warning: Citation `liu2024text' on page 8 undefined on input lin
e 61.


Package natbib Warning: Citation `yu2024texgen' on page 8 undefined on input li
ne 62.


Package natbib Warning: Citation `zhao2025hunyuan3d' on page 8 undefined on inp
ut line 63.


LaTeX Warning: `h' float specifier changed to `ht'.


Package natbib Warning: Citation `li2025step1x' on page 8 undefined on input li
ne 82.


Package natbib Warning: Citation `chen20243dtopia' on page 8 undefined on input
 line 82.


LaTeX Warning: Reference `fig:e2e' on page 8 undefined on input line 82.

) (./doc/Conclusion.tex
Underfull \vbox (badness 1975) has occurred while \output is active
[8 <./fig/geo_compare.pdf>])
[9 <./fig/tex_comp.pdf>]
[10 <./fig/e2e.pdf>] (./doc/Contributors.tex)
[11] (./neurips_2025.bbl
[12]
[13])
[14]

Package natbib Warning: There were undefined citations.

(./neurips_2025.aux

Package natbib Warning: Citation(s) may have changed.
(natbib)                Rerun to get citations correct.


! Package natbib Error: Bibliography not compatible with author-year citations.

(natbib)                Press <return> to continue in numerical citation style.


See the natbib package documentation for explanation.
Type  H <return>  for immediate help.
 ...                                              
                                                  
l.178 ...and\NAT@force@numbers{}\NAT@force@numbers
                                                  
)

LaTeX Warning: There were undefined references.


LaTeX Warning: Label(s) may have changed. Rerun to get cross-references right.


Package rerunfilecheck Warning: File `neurips_2025.out' has changed.
(rerunfilecheck)                Rerun to get outlines right
(rerunfilecheck)                or use package `bookmark'.

 )
(see the transcript file for additional information)<d:/texlive/2025/texmf-dist
/fonts/type1/public/amsfonts/cm/cmbx10.pfb><d:/texlive/2025/texmf-dist/fonts/ty
pe1/public/amsfonts/cm/cmex10.pfb><d:/texlive/2025/texmf-dist/fonts/type1/publi
c/amsfonts/cm/cmmi10.pfb><d:/texlive/2025/texmf-dist/fonts/type1/public/amsfont
s/cm/cmmi5.pfb><d:/texlive/2025/texmf-dist/fonts/type1/public/amsfonts/cm/cmmi7
.pfb><d:/texlive/2025/texmf-dist/fonts/type1/public/amsfonts/cm/cmr10.pfb><d:/t
exlive/2025/texmf-dist/fonts/type1/public/amsfonts/cm/cmr5.pfb><d:/texlive/2025
/texmf-dist/fonts/type1/public/amsfonts/cm/cmr7.pfb><d:/texlive/2025/texmf-dist
/fonts/type1/public/amsfonts/cm/cmsy10.pfb><d:/texlive/2025/texmf-dist/fonts/ty
pe1/public/amsfonts/cm/cmsy5.pfb><d:/texlive/2025/texmf-dist/fonts/type1/public
/amsfonts/cm/cmsy7.pfb><d:/texlive/2025/texmf-dist/fonts/type1/public/amsfonts/
cm/cmsy9.pfb><d:/texlive/2025/texmf-dist/fonts/type1/public/amsfonts/symbols/ms
bm10.pfb><d:/texlive/2025/texmf-dist/fonts/type1/public/amsfonts/symbols/msbm7.
pfb><d:/texlive/2025/texmf-dist/fonts/type1/urw/courier/ucrr8a.pfb><d:/texlive/
2025/texmf-dist/fonts/type1/urw/times/utmb8a.pfb><d:/texlive/2025/texmf-dist/fo
nts/type1/urw/times/utmr8a.pfb><d:/texlive/2025/texmf-dist/fonts/type1/urw/time
s/utmri8a.pfb>
Output written on neurips_2025.pdf (14 pages, 34193961 bytes).
SyncTeX written on neurips_2025.synctex.gz.

Transcript written on neurips_2025.log.
